Component: ARM Compiler 5.06 update 4 (build 422) Tool: armlink [4d35d2]

==============================================================================

Section Cross References

    main.o(i.float_task) refers to tasks.o(i.vTaskDelay) for vTaskDelay
    main.o(i.float_task) refers to main.o(.data) for .data
    main.o(i.led0_task) refers to _printf_percent.o(.ARM.Collect$$_printf_percent$$00000000) for _printf_percent
    main.o(i.led0_task) refers to _printf_d.o(.ARM.Collect$$_printf_percent$$00000009) for _printf_d
    main.o(i.led0_task) refers to _printf_lld.o(.ARM.Collect$$_printf_percent$$0000000E) for _printf_lld
    main.o(i.led0_task) refers to _printf_dec.o(.text) for _printf_int_dec
    main.o(i.led0_task) refers to _printf_longlong_dec.o(.text) for _printf_longlong_dec
    main.o(i.led0_task) refers to stm32f7xx_hal_gpio.o(i.HAL_GPIO_TogglePin) for HAL_GPIO_TogglePin
    main.o(i.led0_task) refers to delay.o(i.GetSystemTimeUs) for GetSystemTimeUs
    main.o(i.led0_task) refers to tasks.o(i.xTaskGetTickCount) for xTaskGetTickCount
    main.o(i.led0_task) refers to noretval__2printf.o(.text) for __2printf
    main.o(i.led0_task) refers to tasks.o(i.vTaskDelay) for vTaskDelay
    main.o(i.led1_task) refers to stm32f7xx_hal_gpio.o(i.HAL_GPIO_WritePin) for HAL_GPIO_WritePin
    main.o(i.led1_task) refers to tasks.o(i.vTaskDelay) for vTaskDelay
    main.o(i.main) refers to sys.o(i.Cache_Enable) for Cache_Enable
    main.o(i.main) refers to stm32f7xx_hal.o(i.HAL_Init) for HAL_Init
    main.o(i.main) refers to sys.o(i.Stm32_Clock_Init) for Stm32_Clock_Init
    main.o(i.main) refers to delay.o(i.delay_init) for delay_init
    main.o(i.main) refers to usart.o(i.uart_init) for uart_init
    main.o(i.main) refers to led.o(i.LED_Init) for LED_Init
    main.o(i.main) refers to tasks.o(i.xTaskCreate) for xTaskCreate
    main.o(i.main) refers to tasks.o(i.vTaskStartScheduler) for vTaskStartScheduler
    main.o(i.main) refers to main.o(.data) for .data
    main.o(i.main) refers to main.o(i.start_task) for start_task
    main.o(i.start_task) refers to port.o(i.vPortEnterCritical) for vPortEnterCritical
    main.o(i.start_task) refers to tasks.o(i.xTaskCreate) for xTaskCreate
    main.o(i.start_task) refers to tasks.o(i.vTaskDelete) for vTaskDelete
    main.o(i.start_task) refers to port.o(i.vPortExitCritical) for vPortExitCritical
    main.o(i.start_task) refers to main.o(.data) for .data
    main.o(i.start_task) refers to main.o(i.led0_task) for led0_task
    main.o(i.start_task) refers to main.o(i.led1_task) for led1_task
    main.o(i.start_task) refers to main.o(i.float_task) for float_task
    system_stm32f7xx.o(i.SystemCoreClockUpdate) refers to system_stm32f7xx.o(.data) for .data
    system_stm32f7xx.o(i.SystemCoreClockUpdate) refers to system_stm32f7xx.o(.constdata) for .constdata
    delay.o(i.GetSystemTimeMs) refers to tasks.o(i.xTaskGetTickCount) for xTaskGetTickCount
    delay.o(i.GetSystemTimeMs) refers to lludivv7m.o(.text) for __aeabi_uldivmod
    delay.o(i.GetSystemTimeMs) refers to system_stm32f7xx.o(.data) for SystemCoreClock
    delay.o(i.GetSystemTimeUs) refers to tasks.o(i.xTaskGetTickCount) for xTaskGetTickCount
    delay.o(i.GetSystemTimeUs) refers to system_stm32f7xx.o(.data) for SystemCoreClock
    delay.o(i.SysTick_Handler) refers to tasks.o(i.xTaskGetSchedulerState) for xTaskGetSchedulerState
    delay.o(i.SysTick_Handler) refers to port.o(i.xPortSysTickHandler) for xPortSysTickHandler
    delay.o(i.SysTick_Handler) refers to stm32f7xx_hal.o(i.HAL_IncTick) for HAL_IncTick
    delay.o(i.delay_init) refers to stm32f7xx_hal_cortex.o(i.HAL_SYSTICK_CLKSourceConfig) for HAL_SYSTICK_CLKSourceConfig
    delay.o(i.delay_init) refers to delay.o(.data) for .data
    delay.o(i.delay_ms) refers to tasks.o(i.xTaskGetSchedulerState) for xTaskGetSchedulerState
    delay.o(i.delay_ms) refers to tasks.o(i.vTaskDelay) for vTaskDelay
    delay.o(i.delay_ms) refers to delay.o(.data) for .data
    delay.o(i.delay_us) refers to delay.o(.data) for .data
    delay.o(i.delay_xms) refers to delay.o(.data) for .data
    sys.o(i.Stm32_Clock_Init) refers to stm32f7xx_hal_rcc_ex.o(i.HAL_RCC_OscConfig) for HAL_RCC_OscConfig
    sys.o(i.Stm32_Clock_Init) refers to stm32f7xx_hal_pwr_ex.o(i.HAL_PWREx_EnableOverDrive) for HAL_PWREx_EnableOverDrive
    sys.o(i.Stm32_Clock_Init) refers to stm32f7xx_hal_rcc.o(i.HAL_RCC_ClockConfig) for HAL_RCC_ClockConfig
    usart.o(.rev16_text) refers (Special) to use_no_semi_2.o(.text) for __use_no_semihosting
    usart.o(.revsh_text) refers (Special) to use_no_semi_2.o(.text) for __use_no_semihosting
    usart.o(.rrx_text) refers (Special) to use_no_semi_2.o(.text) for __use_no_semihosting
    usart.o(i.HAL_UART_MspInit) refers (Special) to use_no_semi_2.o(.text) for __use_no_semihosting
    usart.o(i.HAL_UART_MspInit) refers to stm32f7xx_hal_gpio.o(i.HAL_GPIO_Init) for HAL_GPIO_Init
[...]
    !!!scatter                               0x08000200   Section       52  __scatter.o(!!!scatter)
    !!handler_copy                           0x08000234   Section       26  __scatter_copy.o(!!handler_copy)
    !!handler_zi                             0x08000250   Section       28  __scatter_zi.o(!!handler_zi)
    .ARM.Collect$$_printf_percent$$00000000  0x0800026c   Section        0  _printf_percent.o(.ARM.Collect$$_printf_percent$$00000000)
    .ARM.Collect$$_printf_percent$$00000007  0x0800026c   Section       10  _printf_ll.o(.ARM.Collect$$_printf_percent$$00000007)
    .ARM.Collect$$_printf_percent$$00000009  0x08000276   Section        6  _printf_d.o(.ARM.Collect$$_printf_percent$$00000009)
    .ARM.Collect$$_printf_percent$$0000000E  0x0800027c   Section        6  _printf_lld.o(.ARM.Collect$$_printf_percent$$0000000E)
    .ARM.Collect$$_printf_percent$$00000014  0x08000282   Section        6  _printf_s.o(.ARM.Collect$$_printf_percent$$00000014)
    .ARM.Collect$$_printf_percent$$00000017  0x08000288   Section        4  _printf_percent_end.o(.ARM.Collect$$_printf_percent$$00000017)
    .ARM.Collect$$libinit$$00000000          0x0800028c   Section        2  libinit.o(.ARM.Collect$$libinit$$00000000)
    .ARM.Collect$$libinit$$00000001          0x0800028e   Section        4  libinit2.o(.ARM.Collect$$libinit$$00000001)
    .ARM.Collect$$libinit$$00000004          0x08000292   Section        0  libinit2.o(.ARM.Collect$$libinit$$00000004)
    .ARM.Collect$$libinit$$0000000A          0x08000292   Section        0  libinit2.o(.ARM.Collect$$libinit$$0000000A)
    .ARM.Collect$$libinit$$0000000C          0x08000292   Section        0  libinit2.o(.ARM.Collect$$libinit$$0000000C)
    .ARM.Collect$$libinit$$0000000E          0x08000292   Section        0  libinit2.o(.ARM.Collect$$libinit$$0000000E)
    .ARM.Collect$$libinit$$00000011          0x08000292   Section        0  libinit2.o(.ARM.Collect$$libinit$$00000011)
    .ARM.Collect$$libinit$$00000013          0x08000292   Section        0  libinit2.o(.ARM.Collect$$libinit$$00000013)
    .ARM.Collect$$libinit$$00000015          0x08000292   Section        0  libinit2.o(.ARM.Collect$$libinit$$00000015)
    .ARM.Collect$$libinit$$00000017          0x08000292   Section        0  libinit2.o(.ARM.Collect$$libinit$$00000017)
    .ARM.Collect$$libinit$$00000019          0x08000292   Section        0  libinit2.o(.ARM.Collect$$libinit$$00000019)
    .ARM.Collect$$libinit$$0000001B          0x08000292   Section        0  libinit2.o(.ARM.Collect$$libinit$$0000001B)
    .ARM.Collect$$libinit$$0000001D          0x08000292   Section        0  libinit2.o(.ARM.Collect$$libinit$$0000001D)
    .ARM.Collect$$libinit$$0000001F          0x08000292   Section        0  libinit2.o(.ARM.Collect$$libinit$$0000001F)
    .ARM.Collect$$libinit$$00000021          0x08000292   Section        0  libinit2.o(.ARM.Collect$$libinit$$00000021)
    .ARM.Collect$$libinit$$00000023          0x08000292   Section        0  libinit2.o(.ARM.Collect$$libinit$$00000023)
    .ARM.Collect$$libinit$$00000025          0x08000292   Section        0  libinit2.o(.ARM.Collect$$libinit$$00000025)
    .ARM.Collect$$libinit$$0000002C          0x08000292   Section        0  libinit2.o(.ARM.Collect$$libinit$$0000002C)
    .ARM.Collect$$libinit$$0000002E          0x08000292   Section        0  libinit2.o(.ARM.Collect$$libinit$$0000002E)
    .ARM.Collect$$libinit$$00000030          0x08000292   Section        0  libinit2.o(.ARM.Collect$$libinit$$00000030)
    .ARM.Collect$$libinit$$00000032          0x08000292   Section        0  libinit2.o(.ARM.Collect$$libinit$$00000032)
    .ARM.Collect$$libinit$$00000033          0x08000292   Section        2  libinit2.o(.ARM.Collect$$libinit$$00000033)
    .ARM.Collect$$libshutdown$$00000000      0x08000294   Section        2  libshutdown.o(.ARM.Collect$$libshutdown$$00000000)
    .ARM.Collect$$libshutdown$$00000002      0x08000296   Section        0  libshutdown2.o(.ARM.Collect$$libshutdown$$00000002)
    .ARM.Collect$$libshutdown$$00000004      0x08000296   Section        0  libshutdown2.o(.ARM.Collect$$libshutdown$$00000004)
    .ARM.Collect$$libshutdown$$00000007      0x08000296   Section        0  libshutdown2.o(.ARM.Collect$$libshutdown$$00000007)
    .ARM.Collect$$libshutdown$$0000000A      0x08000296   Section        0  libshutdown2.o(.ARM.Collect$$libshutdown$$0000000A)
    .ARM.Collect$$libshutdown$$0000000C      0x08000296   Section        0  libshutdown2.o(.ARM.Collect$$libshutdown$$0000000C)
    .ARM.Collect$$libshutdown$$0000000F      0x08000296   Section        0  libshutdown2.o(.ARM.Collect$$libshutdown$$0000000F)
    .ARM.Collect$$libshutdown$$00000010      0x08000296   Section        2  libshutdown2.o(.ARM.Collect$$libshutdown$$00000010)
    .ARM.Collect$$rtentry$$00000000          0x08000298   Section        0  __rtentry.o(.ARM.Collect$$rtentry$$00000000)
    .ARM.Collect$$rtentry$$00000002          0x08000298   Section        0  __rtentry2.o(.ARM.Collect$$rtentry$$00000002)
    .ARM.Collect$$rtentry$$00000004          0x08000298   Section        6  __rtentry4.o(.ARM.Collect$$rtentry$$00000004)
    .ARM.Collect$$rtentry$$00000009          0x0800029e   Section        0  __rtentry2.o(.ARM.Collect$$rtentry$$00000009)
    .ARM.Collect$$rtentry$$0000000A          0x0800029e   Section        4  __rtentry2.o(.ARM.Collect$$rtentry$$0000000A)
    .ARM.Collect$$rtentry$$0000000C          0x080002a2   Section        0  __rtentry2.o(.ARM.Collect$$rtentry$$0000000C)
    .ARM.Collect$$rtentry$$0000000D          0x080002a2   Section        8  __rtentry2.o(.ARM.Collect$$rtentry$$0000000D)
    .ARM.Collect$$rtexit$$00000000           0x080002aa   Section        2  rtexit.o(.ARM.Collect$$rtexit$$00000000)
    .ARM.Collect$$rtexit$$00000002           0x080002ac   Section        0  rtexit2.o(.ARM.Collect$$rtexit$$00000002)
    .ARM.Collect$$rtexit$$00000003           0x080002ac   Section        4  rtexit2.o(.ARM.Collect$$rtexit$$00000003)
    .ARM.Collect$$rtexit$$00000004           0x080002b0   Section        6  rtexit2.o(.ARM.Collect$$rtexit$$00000004)
    .emb_text                                0x080002b8   Section      186  port.o(.emb_text)
    $v0                                      0x080002b8   Number         0  port.o(.emb_text)
    .text                                    0x08000374   Section       64  startup_stm32f767xx.o(.text)
    $v0                                      0x08000374   Number         0  startup_stm32f767xx.o(.text)
    .text                                    0x080003b4   Section        2  use_no_semi_2.o(.text)
    .text                                    0x080003b8   Section        0  noretval__2printf.o(.text)
    .text                                    0x080003d0   Section        0  _printf_str.o(.text)
    .text                                    0x08000424   Section        0  _printf_dec.o(.text)
    .text                                    0x0800049c   Section        0  _printf_longlong_dec.o(.text)
    .text                                    0x08000518   Section        0  __printf_ss.o(.text)
    .text                                    0x080005d0   Section      138  rt_memcpy_v6.o(.text)
    .text                                    0x0800065a   Section       16  aeabi_memset.o(.text)
    .text                                    0x0800066a   Section        0  heapauxi.o(.text)
    .text                                    0x08000670   Section        2  use_no_semi.o(.text)
    .text                                    0x08000672   Section      138  lludiv10.o(.text)
    .text                                    0x080006fc   Section        0  _printf_intcommon.o(.text)
    .text                                    0x080007b0   Section        0  _printf_char_common.o(.text)
    _printf_input_char                       0x080007b1   Thumb Code    10  _printf_char_common.o(.text)
    .text                                    0x080007e0   Section        0  _printf_char.o(.text)
    .text                                    0x0800080c   Section        0  _printf_char_file.o(.text)
    .text                                    0x08000830   Section      100  rt_memcpy_w.o(.text)
    .text                                    0x08000894   Section       68  rt_memclr.o(.text)
    .text                                    0x080008d8   Section        0  ferror.o(.text)
    .text                                    0x080008e0   Section       78  rt_memclr_w.o(.text)
    .text                                    0x0800092e   Section       74  sys_stackheap_outer.o(.text)
    .text                                    0x08000978   Section        0  exit.o(.text)
    .text                                    0x0800098c   Section        8  libspace.o(.text)
    i.BusFault_Handler                       0x08000994   Section        0  stm32f7xx_it.o(i.BusFault_Handler)
    i.Cache_Enable                           0x08000998   Section        0  sys.o(i.Cache_Enable)
    i.DebugMon_Handler                       0x08000a20   Section        0  stm32f7xx_it.o(i.DebugMon_Handler)
    i.GetSystemTimeUs                        0x08000a24   Section        0  delay.o(i.GetSystemTimeUs)
    i.HAL_DMA_Abort_IT                       0x08000a64   Section        0  stm32f7xx_hal_dma.o(i.HAL_DMA_Abort_IT)
    i.HAL_GPIO_Init                          0x08000a88   Section        0  stm32f7xx_hal_gpio.o(i.HAL_GPIO_Init)
    i.HAL_GPIO_TogglePin                     0x08000ccc   Section        0  stm32f7xx_hal_gpio.o(i.HAL_GPIO_TogglePin)
    i.HAL_GPIO_WritePin                      0x08000cd4   Section        0  stm32f7xx_hal_gpio.o(i.HAL_GPIO_WritePin)
    i.HAL_GetTick                            0x08000ce0   Section        0  stm32f7xx_hal.o(i.HAL_GetTick)
    i.HAL_IncTick                            0x08000cec   Section        0  stm32f7xx_hal.o(i.HAL_IncTick)
    i.HAL_Init                               0x08000cfc   Section        0  stm32f7xx_hal.o(i.HAL_Init)
    i.HAL_InitTick                           0x08000d20   Section        0  stm32f7xx_hal.o(i.HAL_InitTick)
    i.HAL_MspInit                            0x08000d48   Section        0  stm32f7xx_hal.o(i.HAL_MspInit)
    i.HAL_NVIC_EnableIRQ                     0x08000d4a   Section        0  stm32f7xx_hal_cortex.o(i.HAL_NVIC_EnableIRQ)
    i.HAL_NVIC_SetPriority                   0x08000d64   Section        0  stm32f7xx_hal_cortex.o(i.HAL_NVIC_SetPriority)
    i.HAL_NVIC_SetPriorityGrouping           0x08000dc8   Section        0  stm32f7xx_hal_cortex.o(i.HAL_NVIC_SetPriorityGrouping)
    i.HAL_PWREx_EnableOverDrive              0x08000dec   Section        0  stm32f7xx_hal_pwr_ex.o(i.HAL_PWREx_EnableOverDrive)
    i.HAL_RCC_ClockConfig                    0x08000e68   Section        0  stm32f7xx_hal_rcc.o(i.HAL_RCC_ClockConfig)
    i.HAL_RCC_GetPCLK1Freq                   0x08000fec   Section        0  stm32f7xx_hal_rcc.o(i.HAL_RCC_GetPCLK1Freq)
    i.HAL_RCC_GetPCLK2Freq                   0x0800101c   Section        0  stm32f7xx_hal_rcc.o(i.HAL_RCC_GetPCLK2Freq)
    i.HAL_RCC_GetSysClockFreq                0x0800104c   Section        0  stm32f7xx_hal_rcc.o(i.HAL_RCC_GetSysClockFreq)
    i.HAL_RCC_OscConfig                      0x080010e4   Section        0  stm32f7xx_hal_rcc_ex.o(i.HAL_RCC_OscConfig)
    i.HAL_SYSTICK_CLKSourceConfig            0x080014a8   Section        0  stm32f7xx_hal_cortex.o(i.HAL_SYSTICK_CLKSourceConfig)
    i.HAL_SYSTICK_Config                     0x080014c0   Section        0  stm32f7xx_hal_cortex.o(i.HAL_SYSTICK_Config)
    i.HAL_UART_ErrorCallback                 0x080014ec   Section        0  stm32f7xx_hal_uart.o(i.HAL_UART_ErrorCallback)
    i.HAL_UART_GetState                      0x080014ee   Section        0  stm32f7xx_hal_uart.o(i.HAL_UART_GetState)
    i.HAL_UART_IRQHandler                    0x080014fc   Section        0  stm32f7xx_hal_uart.o(i.HAL_UART_IRQHandler)
    i.HAL_UART_Init                          0x080016c8   Section        0  stm32f7xx_hal_uart.o(i.HAL_UART_Init)
    i.HAL_UART_MspInit                       0x08001738   Section        0  usart.o(i.HAL_UART_MspInit)
    i.HAL_UART_Receive_IT                    0x080017bc   Section        0  stm32f7xx_hal_uart.o(i.HAL_UART_Receive_IT)
    i.HAL_UART_RxCpltCallback                0x0800185c   Section        0  usart.o(i.HAL_UART_RxCpltCallback)
    i.HAL_UART_TxCpltCallback                0x080018d8   Section        0  stm32f7xx_hal_uart.o(i.HAL_UART_TxCpltCallback)
    i.HardFault_Handler                      0x080018da   Section        0  stm32f7xx_it.o(i.HardFault_Handler)
    i.LED_Init                               0x080018dc   Section        0  led.o(i.LED_Init)
    i.MemManage_Handler                      0x08001928   Section        0  stm32f7xx_it.o(i.MemManage_Handler)
    i.NMI_Handler                            0x0800192a   Section        0  stm32f7xx_it.o(i.NMI_Handler)
    i.Stm32_Clock_Init                       0x0800192c   Section        0  sys.o(i.Stm32_Clock_Init)
    i.SysTick_Handler                        0x080019cc   Section        0  delay.o(i.SysTick_Handler)
    i.SystemInit                             0x080019e4   Section        0  system_stm32f7xx.o(i.SystemInit)
    i.UART_AdvFeatureConfig                  0x08001a3c   Section        0  stm32f7xx_hal_uart.o(i.UART_AdvFeatureConfig)
    i.UART_CheckIdleState                    0x08001b16   Section        0  stm32f7xx_hal_uart.o(i.UART_CheckIdleState)
    i.UART_DMAAbortOnError                   0x08001b76   Section        0  stm32f7xx_hal_uart.o(i.UART_DMAAbortOnError)
    UART_DMAAbortOnError                     0x08001b77   Thumb Code    20  stm32f7xx_hal_uart.o(i.UART_DMAAbortOnError)
    i.UART_Receive_IT                        0x08001b8a   Section        0  stm32f7xx_hal_uart.o(i.UART_Receive_IT)
    UART_Receive_IT                          0x08001b8b   Thumb Code   130  stm32f7xx_hal_uart.o(i.UART_Receive_IT)
    i.UART_SetConfig                         0x08001c0c   Section        0  stm32f7xx_hal_uart.o(i.UART_SetConfig)
    i.UART_WaitOnFlagUntilTimeout            0x08001eb4   Section        0  stm32f7xx_hal_uart.o(i.UART_WaitOnFlagUntilTimeout)
    i.USART1_IRQHandler                      0x08001f28   Section        0  usart.o(i.USART1_IRQHandler)
    i.UsageFault_Handler                     0x08001f84   Section        0  stm32f7xx_it.o(i.UsageFault_Handler)
    i._sys_exit                              0x08001f86   Section        0  usart.o(i._sys_exit)
    i.delay_init                             0x08001f88   Section        0  delay.o(i.delay_init)
    i.eTaskGetState                          0x08001fc0   Section        0  tasks.o(i.eTaskGetState)
    i.float_task                             0x08002050   Section        0  main.o(i.float_task)
    i.fputc                                  0x08002080   Section        0  usart.o(i.fputc)
    i.led0_task                              0x08002094   Section        0  main.o(i.led0_task)
    i.led1_task                              0x080020e8   Section        0  main.o(i.led1_task)
    i.main                                   0x08002114   Section        0  main.o(i.main)
    i.prvAddCurrentTaskToDelayedList         0x08002178   Section        0  tasks.o(i.prvAddCurrentTaskToDelayedList)
    prvAddCurrentTaskToDelayedList           0x08002179   Thumb Code   108  tasks.o(i.prvAddCurrentTaskToDelayedList)
    i.prvCopyDataToQueue                     0x080021ec   Section        0  queue.o(i.prvCopyDataToQueue)
    prvCopyDataToQueue                       0x080021ed   Thumb Code   110  queue.o(i.prvCopyDataToQueue)
    i.prvIdleTask                            0x0800225c   Section        0  tasks.o(i.prvIdleTask)
    prvIdleTask                              0x0800225d   Thumb Code   110  tasks.o(i.prvIdleTask)
    i.prvInsertBlockIntoFreeList             0x080022d8   Section        0  heap_4.o(i.prvInsertBlockIntoFreeList)
    prvInsertBlockIntoFreeList               0x080022d9   Thumb Code    90  heap_4.o(i.prvInsertBlockIntoFreeList)
    i.prvInsertTimerInActiveList             0x0800233c   Section        0  timers.o(i.prvInsertTimerInActiveList)
    prvInsertTimerInActiveList               0x0800233d   Thumb Code    60  timers.o(i.prvInsertTimerInActiveList)
    i.prvNotifyQueueSetContainer             0x0800237c   Section        0  queue.o(i.prvNotifyQueueSetContainer)
    prvNotifyQueueSetContainer               0x0800237d   Thumb Code   110  queue.o(i.prvNotifyQueueSetContainer)
    i.prvSampleTimeNow                       0x08002410   Section        0  timers.o(i.prvSampleTimeNow)
    prvSampleTimeNow                         0x08002411   Thumb Code   148  timers.o(i.prvSampleTimeNow)
    i.prvTaskExitError                       0x080024ac   Section        0  port.o(i.prvTaskExitError)
    prvTaskExitError                         0x080024ad   Thumb Code    42  port.o(i.prvTaskExitError)
    i.prvTimerTask                           0x0800251c   Section        0  timers.o(i.prvTimerTask)
    prvTimerTask                             0x0800251d   Thumb Code   546  timers.o(i.prvTimerTask)
    i.prvUnlockQueue                         0x08002770   Section        0  queue.o(i.prvUnlockQueue)
    prvUnlockQueue                           0x08002771   Thumb Code   122  queue.o(i.prvUnlockQueue)
    i.pvPortMalloc                           0x080027ec   Section        0  heap_4.o(i.pvPortMalloc)
    i.pvTaskIncrementMutexHeldCount          0x0800294c   Section        0  tasks.o(i.pvTaskIncrementMutexHeldCount)
    i.pxPortInitialiseStack                  0x08002964   Section        0  port.o(i.pxPortInitialiseStack)
    i.start_task                             0x08002990   Section        0  main.o(i.start_task)
    i.uart_init                              0x08002a28   Section        0  usart.o(i.uart_init)
    i.uxListRemove                           0x08002a60   Section        0  list.o(i.uxListRemove)
    i.vListInitialise                        0x08002a84   Section        0  list.o(i.vListInitialise)
    i.vListInitialiseItem                    0x08002a9a   Section        0  list.o(i.vListInitialiseItem)
    i.vListInsert                            0x08002aa0   Section        0  list.o(i.vListInsert)
    i.vListInsertEnd                         0x08002ada   Section        0  list.o(i.vListInsertEnd)
    i.vPortEnterCritical                     0x08002af4   Section        0  port.o(i.vPortEnterCritical)
    i.vPortExitCritical                      0x08002b74   Section        0  port.o(i.vPortExitCritical)
    i.vPortFree                              0x08002be0   Section        0  heap_4.o(i.vPortFree)
    i.vPortValidateInterruptPriority         0x08002c80   Section        0  port.o(i.vPortValidateInterruptPriority)
    i.vQueueAddToRegistry                    0x08002d10   Section        0  queue.o(i.vQueueAddToRegistry)
    i.vQueueWaitForMessageRestricted         0x08002d38   Section        0  queue.o(i.vQueueWaitForMessageRestricted)
    i.vTaskDelay                             0x08002d84   Section        0  tasks.o(i.vTaskDelay)
    i.vTaskDelete                            0x08002df4   Section        0  tasks.o(i.vTaskDelete)
    i.vTaskMissedYield                       0x08002ee8   Section        0  tasks.o(i.vTaskMissedYield)
    i.vTaskPlaceOnEventList                  0x08002ef4   Section        0  tasks.o(i.vTaskPlaceOnEventList)
    i.vTaskPlaceOnEventListRestricted        0x08002f4c   Section        0  tasks.o(i.vTaskPlaceOnEventListRestricted)
    i.vTaskPriorityInherit                   0x08002fac   Section        0  tasks.o(i.vTaskPriorityInherit)
    i.vTaskSetTimeOutState                   0x08003038   Section        0  tasks.o(i.vTaskSetTimeOutState)
    i.vTaskStartScheduler                    0x08003060   Section        0  tasks.o(i.vTaskStartScheduler)
    i.vTaskSuspendAll                        0x08003104   Section        0  tasks.o(i.vTaskSuspendAll)
    i.vTaskSwitchContext                     0x08003114   Section        0  tasks.o(i.vTaskSwitchContext)
    i.xPortStartScheduler                    0x08003174   Section        0  port.o(i.xPortStartScheduler)
    i.xPortSysTickHandler                    0x08003280   Section        0  port.o(i.xPortSysTickHandler)
    i.xQueueGenericCreate                    0x080032b0   Section        0  queue.o(i.xQueueGenericCreate)
    i.xQueueGenericReceive                   0x0800330c   Section        0  queue.o(i.xQueueGenericReceive)
    i.xQueueGenericReset                     0x080034d0   Section        0  queue.o(i.xQueueGenericReset)
    i.xQueueGenericSend                      0x08003578   Section        0  queue.o(i.xQueueGenericSend)
    i.xQueueGenericSendFromISR               0x08003708   Section        0  queue.o(i.xQueueGenericSendFromISR)
    i.xTaskCheckForTimeOut                   0x080037f4   Section        0  tasks.o(i.xTaskCheckForTimeOut)
    i.xTaskCreate                            0x08003898   Section        0  tasks.o(i.xTaskCreate)
    i.xTaskGetSchedulerState                 0x08003a20   Section        0  tasks.o(i.xTaskGetSchedulerState)
    i.xTaskGetTickCount                      0x08003a3c   Section        0  tasks.o(i.xTaskGetTickCount)
    i.xTaskIncrementTick                     0x08003a48   Section        0  tasks.o(i.xTaskIncrementTick)
    i.xTaskPriorityDisinherit                0x08003b54   Section        0  tasks.o(i.xTaskPriorityDisinherit)
    i.xTaskRemoveFromEventList               0x08003c0c   Section        0  tasks.o(i.xTaskRemoveFromEventList)
    i.xTaskResumeAll                         0x08003ca0   Section        0  tasks.o(i.xTaskResumeAll)
    i.xTimerCreateTimerTask                  0x08003da8   Section        0  timers.o(i.xTimerCreateTimerTask)
    i.xTimerGenericCommand                   0x08003e64   Section        0  timers.o(i.xTimerGenericCommand)
    x$fpl$fpinit                             0x08003f00   Section       10  fpinit.o(x$fpl$fpinit)
    $v0                                      0x08003f00   Number         0  fpinit.o(x$fpl$fpinit)
    .constdata                               0x08003f0a   Section       16  system_stm32f7xx.o(.constdata)
    .constdata                               0x08003f1a   Section        8  system_stm32f7xx.o(.constdata)
    .data                                    0x20020000   Section       24  main.o(.data)
    float_num                                0x20020010   Data           8  main.o(.data)
    .data                                    0x20020018   Section        4  system_stm32f7xx.o(.data)
    .data                                    0x2002001c   Section        8  delay.o(.data)
    fac_ms                                   0x2002001c   Data           2  delay.o(.data)
    fac_us                                   0x20020020   Data           4  delay.o(.data)
    .data                                    0x20020024   Section        4  usart.o(.data)
    .data                                    0x20020028   Section        4  usart.o(.data)
    .data                                    0x2002002c   Section        4  stm32f7xx_hal.o(.data)
    .data                                    0x20020030   Section       60  tasks.o(.data)
    uxDeletedTasksWaitingCleanUp             0x20020034   Data           4  tasks.o(.data)
    uxCurrentNumberOfTasks                   0x20020038   Data           4  tasks.o(.data)
    xTickCount                               0x2002003c   Data           4  tasks.o(.data)
    uxTopReadyPriority                       0x20020040   Data           4  tasks.o(.data)
    xSchedulerRunning                        0x20020044   Data           4  tasks.o(.data)
    uxPendedTicks                            0x20020048   Data           4  tasks.o(.data)
    xYieldPending                            0x2002004c   Data           4  tasks.o(.data)
    xNumOfOverflows                          0x20020050   Data           4  tasks.o(.data)
    uxTaskNumber                             0x20020054   Data           4  tasks.o(.data)
    xNextTaskUnblockTime                     0x20020058   Data           4  tasks.o(.data)
    xIdleTaskHandle                          0x2002005c   Data           4  tasks.o(.data)
    uxSchedulerSuspended                     0x20020060   Data           4  tasks.o(.data)
    pxDelayedTaskList                        0x20020064   Data           4  tasks.o(.data)
    pxOverflowDelayedTaskList                0x20020068   Data           4  tasks.o(.data)
    .data                                    0x2002006c   Section       20  timers.o(.data)
    xTimerQueue                              0x2002006c   Data           4  timers.o(.data)
    xTimerTaskHandle                         0x20020070   Data           4  timers.o(.data)
    xLastTime                                0x20020074   Data           4  timers.o(.data)
    pxCurrentTimerList                       0x20020078   Data           4  timers.o(.data)
    pxOverflowTimerList                      0x2002007c   Data           4  timers.o(.data)
    .data                                    0x20020080   Section       12  port.o(.data)
    ucMaxSysCallPriority                     0x20020080   Data           1  port.o(.data)
    uxCriticalNesting                        0x20020084   Data           4  port.o(.data)
    ulMaxPRIGROUPValue                       0x20020088   Data           4  port.o(.data)
    .data                                    0x2002008c   Section       24  heap_4.o(.data)
    pxEnd                                    0x2002008c   Data           4  heap_4.o(.data)
    xFreeBytesRemaining                      0x20020090   Data           4  heap_4.o(.data)
    xMinimumEverFreeBytesRemaining           0x20020094   Data           4  heap_4.o(.data)
    xBlockAllocatedBit                       0x20020098   Data           4  heap_4.o(.data)
    xStart                                   0x2002009c   Data           8  heap_4.o(.data)
    .bss                                     0x200200a4   Section      312  usart.o(.bss)
    .bss                                     0x200201dc   Section       64  queue.o(.bss)
    .bss                                     0x2002021c   Section      740  tasks.o(.bss)
    pxReadyTasksLists                        0x2002021c   Data         640  tasks.o(.bss)
    xDelayedTaskList1                        0x2002049c   Data          20  tasks.o(.bss)
    xDelayedTaskList2                        0x200204b0   Data          20  tasks.o(.bss)
    xPendingReadyList                        0x200204c4   Data          20  tasks.o(.bss)
    xTasksWaitingTermination                 0x200204d8   Data          20  tasks.o(.bss)
    xSuspendedTaskList                       0x200204ec   Data          20  tasks.o(.bss)
    .bss                                     0x20020500   Section       40  timers.o(.bss)
    xActiveTimerList1                        0x20020500   Data          20  timers.o(.bss)
    xActiveTimerList2                        0x20020514   Data          20  timers.o(.bss)
    .bss                                     0x20020528   Section    65536  heap_4.o(.bss)
    ucHeap                                   0x20020528   Data       65536  heap_4.o(.bss)
    .bss                                     0x20030528   Section       96  libspace.o(.bss)
    HEAP                                     0x20030588   Section     4096  startup_stm32f767xx.o(HEAP)
    Heap_Mem                                 0x20030588   Data        4096  startup_stm32f767xx.o(HEAP)
    STACK                                    0x20031588   Section     4096  startup_stm32f767xx.o(STACK)
    Stack_Mem                                0x20031588   Data        4096  startup_stm32f767xx.o(STACK)
    __initial_sp                             0x20032588   Data           0  startup_stm32f767xx.o(STACK)

    Global Symbols

    Symbol Name                              Value     Ov Type        Size  Object(Section)

    BuildAttributes$$THM_ISAv4$E$P$D$K$B$S$7EM$VFPv5_D16$PE$PLD8$A:L22UL41UL21$X:L11$S22US41US21$IEEE1$IW$USESV6$~STKCKD$USESV7$~SHL$OTIME$ROPI$EBA8$UX$STANDARDLIB$REQ8$PRES8$EABIv2 0x00000000   Number         0  anon$$obj.o ABSOLUTE
    __ARM_use_no_argv                        0x00000000   Number         0  main.o ABSOLUTE
    _printf_flags                            0x00000000   Number         0  printf_stubs.o ABSOLUTE
    _printf_return_value                     0x00000000   Number         0  printf_stubs.o ABSOLUTE
    _printf_sizespec                         0x00000000   Number         0  printf_stubs.o ABSOLUTE
    _printf_widthprec                        0x00000000   Number         0  printf_stubs.o ABSOLUTE
    __ARM_exceptions_init                     - Undefined Weak Reference
    __alloca_initialize                       - Undefined Weak Reference
    __arm_preinit_                            - Undefined Weak Reference
    __cpp_initialize__aeabi_                  - Undefined Weak Reference
    __cxa_finalize                            - Undefined Weak Reference
    __rt_locale                               - Undefined Weak Reference
    __sigvec_lookup                           - Undefined Weak Reference
    _atexit_init                              - Undefined Weak Reference
    _call_atexit_fns                          - Undefined Weak Reference
    _clock_init                               - Undefined Weak Reference
    _fp_trap_init                             - Undefined Weak Reference
    _fp_trap_shutdown                         - Undefined Weak Reference
    _get_lc_collate                           - Undefined Weak Reference
    _get_lc_ctype                             - Undefined Weak Reference
    _get_lc_monetary                          - Undefined Weak Reference
    _get_lc_numeric                           - Undefined Weak Reference
    _get_lc_time                              - Undefined Weak Reference
    _getenv_init                              - Undefined Weak Reference
    _handle_redirection                       - Undefined Weak Reference
    _init_alloc                               - Undefined Weak Reference
    _init_user_alloc                          - Undefined Weak Reference
    _initio                                   - Undefined Weak Reference
    _mutex_acquire                            - Undefined Weak Reference
    _mutex_release                            - Undefined Weak Reference
    _printf_mbtowc                            - Undefined Weak Reference
    _printf_post_padding                      - Undefined Weak Reference
    _printf_pre_padding                       - Undefined Weak Reference
    _printf_truncate_signed                   - Undefined Weak Reference
    _printf_truncate_unsigned                 - Undefined Weak Reference
    _rand_init                                - Undefined Weak Reference
    _signal_finish                            - Undefined Weak Reference
    _signal_init                              - Undefined Weak Reference
    _terminate_alloc                          - Undefined Weak Reference
    _terminate_user_alloc                     - Undefined Weak Reference
    _terminateio                              - Undefined Weak Reference
    __Vectors_Size                           0x000001f8   Number         0  startup_stm32f767xx.o ABSOLUTE
    __Vectors                                0x08000000   Data           4  startup_stm32f767xx.o(RESET)
    __Vectors_End                            0x080001f8   Data           0  startup_stm32f767xx.o(RESET)
    __main                                   0x080001f9   Thumb Code     8  __main.o(!!!main)
    __scatterload                            0x08000201   Thumb Code     0  __scatter.o(!!!scatter)
    __scatterload_rt2                        0x08000201   Thumb Code    44  __scatter.o(!!!scatter)
    __scatterload_rt2_thumb_only             0x08000201   Thumb Code     0  __scatter.o(!!!scatter)
    __scatterload_null                       0x0800020f   Thumb Code     0  __scatter.o(!!!scatter)
    __scatterload_copy                       0x08000235   Thumb Code    26  __scatter_copy.o(!!handler_copy)
    __scatterload_zeroinit                   0x08000251   Thumb Code    28  __scatter_zi.o(!!handler_zi)
    _printf_ll                               0x0800026d   Thumb Code     0  _printf_ll.o(.ARM.Collect$$_printf_percent$$00000007)
    _printf_percent                          0x0800026d   Thumb Code     0  _printf_percent.o(.ARM.Collect$$_printf_percent$$00000000)
    _printf_d                                0x08000277   Thumb Code     0  _printf_d.o(.ARM.Collect$$_printf_percent$$00000009)
    _printf_lld                              0x0800027d   Thumb Code     0  _printf_lld.o(.ARM.Collect$$_printf_percent$$0000000E)
    _printf_s                                0x08000283   Thumb Code     0  _printf_s.o(.ARM.Collect$$_printf_percent$$00000014)
    _printf_percent_end                      0x08000289   Thumb Code     0  _printf_percent_end.o(.ARM.Collect$$_printf_percent$$00000017)
    __rt_lib_init                            0x0800028d   Thumb Code     0  libinit.o(.ARM.Collect$$libinit$$00000000)
    __rt_lib_init_fp_1                       0x0800028f   Thumb Code     0  libinit2.o(.ARM.Collect$$libinit$$00000001)
    __rt_lib_init_alloca_1                   0x08000293   Thumb Code     0  libinit2.o(.ARM.Collect$$libinit$$0000002E)
    __rt_lib_init_argv_1                     0x08000293   Thumb Code     0  libinit2.o(.ARM.Collect$$libinit$$0000002C)
    __rt_lib_init_atexit_1                   0x08000293   Thumb Code     0  libinit2.o(.ARM.Collect$$libinit$$0000001B)
    __rt_lib_init_clock_1                    0x08000293   Thumb Code     0  libinit2.o(.ARM.Collect$$libinit$$00000021)
    __rt_lib_init_cpp_1                      0x08000293   Thumb Code     0  libinit2.o(.ARM.Collect$$libinit$$00000032)
    __rt_lib_init_exceptions_1               0x08000293   Thumb Code     0  libinit2.o(.ARM.Collect$$libinit$$00000030)
    __rt_lib_init_fp_trap_1                  0x08000293   Thumb Code     0  libinit2.o(.ARM.Collect$$libinit$$0000001F)
    __rt_lib_init_getenv_1                   0x08000293   Thumb Code     0  libinit2.o(.ARM.Collect$$libinit$$00000023)
    __rt_lib_init_heap_1                     0x08000293   Thumb Code     0  libinit2.o(.ARM.Collect$$libinit$$0000000A)
    __rt_lib_init_lc_collate_1               0x08000293   Thumb Code     0  libinit2.o(.ARM.Collect$$libinit$$00000011)
    __rt_lib_init_lc_ctype_1                 0x08000293   Thumb Code     0  libinit2.o(.ARM.Collect$$libinit$$00000013)
    __rt_lib_init_lc_monetary_1              0x08000293   Thumb Code     0  libinit2.o(.ARM.Collect$$libinit$$00000015)
    __rt_lib_init_lc_numeric_1               0x08000293   Thumb Code     0  libinit2.o(.ARM.Collect$$libinit$$00000017)
    __rt_lib_init_lc_time_1                  0x08000293   Thumb Code     0  libinit2.o(.ARM.Collect$$libinit$$00000019)
    __rt_lib_init_preinit_1                  0x08000293   Thumb Code     0  libinit2.o(.ARM.Collect$$libinit$$00000004)
    __rt_lib_init_rand_1                     0x08000293   Thumb Code     0  libinit2.o(.ARM.Collect$$libinit$$0000000E)
    __rt_lib_init_return                     0x08000293   Thumb Code     0  libinit2.o(.ARM.Collect$$libinit$$00000033)
    __rt_lib_init_signal_1                   0x08000293   Thumb Code     0  libinit2.o(.ARM.Collect$$libinit$$0000001D)
    __rt_lib_init_stdio_1                    0x08000293   Thumb Code     0  libinit2.o(.ARM.Collect$$libinit$$00000025)
    __rt_lib_init_user_alloc_1               0x08000293   Thumb Code     0  libinit2.o(.ARM.Collect$$libinit$$0000000C)
    __rt_lib_shutdown                        0x08000295   Thumb Code     0  libshutdown.o(.ARM.Collect$$libshutdown$$00000000)
    __rt_lib_shutdown_cpp_1                  0x08000297   Thumb Code     0  libshutdown2.o(.ARM.Collect$$libshutdown$$00000002)
    __rt_lib_shutdown_fp_trap_1              0x08000297   Thumb Code     0  libshutdown2.o(.ARM.Collect$$libshutdown$$00000007)
    __rt_lib_shutdown_heap_1                 0x08000297   Thumb Code     0  libshutdown2.o(.ARM.Collect$$libshutdown$$0000000F)
    __rt_lib_shutdown_return                 0x08000297   Thumb Code     0  libshutdown2.o(.ARM.Collect$$libshutdown$$00000010)
    __rt_lib_shutdown_signal_1               0x08000297   Thumb Code     0  libshutdown2.o(.ARM.Collect$$libshutdown$$0000000A)
    __rt_lib_shutdown_stdio_1                0x08000297   Thumb Code     0  libshutdown2.o(.ARM.Collect$$libshutdown$$00000004)
    __rt_lib_shutdown_user_alloc_1           0x08000297   Thumb Code     0  libshutdown2.o(.ARM.Collect$$libshutdown$$0000000C)
    __rt_entry                               0x08000299   Thumb Code     0  __rtentry.o(.ARM.Collect$$rtentry$$00000000)
    __rt_entry_presh_1                       0x08000299   Thumb Code     0  __rtentry2.o(.ARM.Collect$$rtentry$$00000002)
    __rt_entry_sh                            0x08000299   Thumb Code     0  __rtentry4.o(.ARM.Collect$$rtentry$$00000004)
    __rt_entry_li                            0x0800029f   Thumb Code     0  __rtentry2.o(.ARM.Collect$$rtentry$$0000000A)
    __rt_entry_postsh_1                      0x0800029f   Thumb Code     0  __rtentry2.o(.ARM.Collect$$rtentry$$00000009)
    __rt_entry_main                          0x080002a3   Thumb Code     0  __rtentry2.o(.ARM.Collect$$rtentry$$0000000D)
    __rt_entry_postli_1                      0x080002a3   Thumb Code     0  __rtentry2.o(.ARM.Collect$$rtentry$$0000000C)
    __rt_exit                                0x080002ab   Thumb Code     0  rtexit.o(.ARM.Collect$$rtexit$$00000000)
    __rt_exit_ls                             0x080002ad   Thumb Code     0  rtexit2.o(.ARM.Collect$$rtexit$$00000003)
    __rt_exit_prels_1                        0x080002ad   Thumb Code     0  rtexit2.o(.ARM.Collect$$rtexit$$00000002)
    __rt_exit_exit                           0x080002b1   Thumb Code     0  rtexit2.o(.ARM.Collect$$rtexit$$00000004)
    SVC_Handler                              0x080002b9   Thumb Code    28  port.o(.emb_text)
    __asm___6_port_c_39a90d8d__prvStartFirstTask 0x080002d9   Thumb Code    28  port.o(.emb_text)
    __asm___6_port_c_39a90d8d__prvEnableVFP  0x080002f9   Thumb Code    16  port.o(.emb_text)
    PendSV_Handler                           0x0800030d   Thumb Code    92  port.o(.emb_text)
    vPortGetIPSR                             0x0800036d   Thumb Code     6  port.o(.emb_text)
    Reset_Handler                            0x08000375   Thumb Code     8  startup_stm32f767xx.o(.text)
    ADC_IRQHandler                           0x0800038f   Thumb Code     0  startup_stm32f767xx.o(.text)
    CAN1_RX0_IRQHandler                      0x0800038f   Thumb Code     0  startup_stm32f767xx.o(.text)
    CAN1_RX1_IRQHandler                      0x0800038f   Thumb Code     0  startup_stm32f767xx.o(.text)
    CAN1_SCE_IRQHandler                      0x0800038f   Thumb Code     0  startup_stm32f767xx.o(.text)
    CAN1_TX_IRQHandler                       0x0800038f   Thumb Code     0  startup_stm32f767xx.o(.text)
    CAN2_RX0_IRQHandler                      0x0800038f   Thumb Code     0  startup_stm32f767xx.o(.text)
    CAN2_RX1_IRQHandler                      0x0800038f   Thumb Code     0  startup_stm32f767xx.o(.text)
    CAN2_SCE_IRQHandler                      0x0800038f   Thumb Code     0  startup_stm32f767xx.o(.text)
    CAN2_TX_IRQHandler                       0x0800038f   Thumb Code     0  startup_stm32f767xx.o(.text)
    CAN3_RX0_IRQHandler                      0x0800038f   Thumb Code     0  startup_stm32f767xx.o(.text)
    CAN3_RX1_IRQHandler                      0x0800038f   Thumb Code     0  startup_stm32f767xx.o(.text)
    CAN3_SCE_IRQHandler                      0x0800038f   Thumb Code     0  startup_stm32f767xx.o(.text)
    CAN3_TX_IRQHandler                       0x0800038f   Thumb Code     0  startup_stm32f767xx.o(.text)
    CEC_IRQHandler                           0x0800038f   Thumb Code     0  startup_stm32f767xx.o(.text)
    DCMI_IRQHandler                          0x0800038f   Thumb Code     0  startup_stm32f767xx.o(.text)
    DFSDM1_FLT0_IRQHandler                   0x0800038f   Thumb Code     0  startup_stm32f767xx.o(.text)
    DFSDM1_FLT1_IRQHandler                   0x0800038f   Thumb Code     0  startup_stm32f767xx.o(.text)
    DFSDM1_FLT2_IRQHandler                   0x0800038f   Thumb Code     0  startup_stm32f767xx.o(.text)
    DFSDM1_FLT3_IRQHandler                   0x0800038f   Thumb Code     0  startup_stm32f767xx.o(.text)
    DMA1_Stream0_IRQHandler                  0x0800038f   Thumb Code     0  startup_stm32f767xx.o(.text)
    DMA1_Stream1_IRQHandler                  0x0800038f   Thumb Code     0  startup_stm32f767xx.o(.text)
    DMA1_Stream2_IRQHandler                  0x0800038f   Thumb Code     0  startup_stm32f767xx.o(.text)
    DMA1_Stream3_IRQHandler                  0x0800038f   Thumb Code     0  startup_stm32f767xx.o(.text)
    DMA1_Stream4_IRQHandler                  0x0800038f   Thumb Code     0  startup_stm32f767xx.o(.text)
    DMA1_Stream5_IRQHandler                  0x0800038f   Thumb Code     0  startup_stm32f767xx.o(.text)
    DMA1_Stream6_IRQHandler                  0x0800038f   Thumb Code     0  startup_stm32f767xx.o(.text)
    DMA1_Stream7_IRQHandler                  0x0800038f   Thumb Code     0  startup_stm32f767xx.o(.text)
    DMA2D_IRQHandler                         0x0800038f   Thumb Code     0  startup_stm32f767xx.o(.text)
    DMA2_Stream0_IRQHandler                  0x0800038f   Thumb Code     0  startup_stm32f767xx.o(.text)
    DMA2_Stream1_IRQHandler                  0x0800038f   Thumb Code     0  startup_stm32f767xx.o(.text)
    DMA2_Stream2_IRQHandler                  0x0800038f   Thumb Code     0  startup_stm32f767xx.o(.text)
    DMA2_Stream3_IRQHandler                  0x0800038f   Thumb Code     0  startup_stm32f767xx.o(.text)
    DMA2_Stream4_IRQHandler                  0x0800038f   Thumb Code     0  startup_stm32f767xx.o(.text)
    DMA2_Stream5_IRQHandler                  0x0800038f   Thumb Code     0  startup_stm32f767xx.o(.text)
    DMA2_Stream6_IRQHandler                  0x0800038f   Thumb Code     0  startup_stm32f767xx.o(.text)
    DMA2_Stream7_IRQHandler                  0x0800038f   Thumb Code     0  startup_stm32f767xx.o(.text)
    ETH_IRQHandler                           0x0800038f   Thumb Code     0  startup_stm32f767xx.o(.text)
    ETH_WKUP_IRQHandler                      0x0800038f   Thumb Code     0  startup_stm32f767xx.o(.text)
    EXTI0_IRQHandler                         0x0800038f   Thumb Code     0  startup_stm32f767xx.o(.text)
    EXTI15_10_IRQHandler                     0x0800038f   Thumb Code     0  startup_stm32f767xx.o(.text)
    EXTI1_IRQHandler                         0x0800038f   Thumb Code     0  startup_stm32f767xx.o(.text)
    EXTI2_IRQHandler                         0x0800038f   Thumb Code     0  startup_stm32f767xx.o(.text)
    EXTI3_IRQHandler                         0x0800038f   Thumb Code     0  startup_stm32f767xx.o(.text)
    EXTI4_IRQHandler                         0x0800038f   Thumb Code     0  startup_stm32f767xx.o(.text)
    EXTI9_5_IRQHandler                       0x0800038f   Thumb Code     0  startup_stm32f767xx.o(.text)
    FLASH_IRQHandler                         0x0800038f   Thumb Code     0  startup_stm32f767xx.o(.text)
    FMC_IRQHandler                           0x0800038f   Thumb Code     0  startup_stm32f767xx.o(.text)
    FPU_IRQHandler                           0x0800038f   Thumb Code     0  startup_stm32f767xx.o(.text)
    I2C1_ER_IRQHandler                       0x0800038f   Thumb Code     0  startup_stm32f767xx.o(.text)
    I2C1_EV_IRQHandler                       0x0800038f   Thumb Code     0  startup_stm32f767xx.o(.text)
    I2C2_ER_IRQHandler                       0x0800038f   Thumb Code     0  startup_stm32f767xx.o(.text)
    I2C2_EV_IRQHandler                       0x0800038f   Thumb Code     0  startup_stm32f767xx.o(.text)
    I2C3_ER_IRQHandler                       0x0800038f   Thumb Code     0  startup_stm32f767xx.o(.text)
    I2C3_EV_IRQHandler                       0x0800038f   Thumb Code     0  startup_stm32f767xx.o(.text)
    I2C4_ER_IRQHandler                       0x0800038f   Thumb Code     0  startup_stm32f767xx.o(.text)
    I2C4_EV_IRQHandler                       0x0800038f   Thumb Code     0  startup_stm32f767xx.o(.text)
    JPEG_IRQHandler                          0x0800038f   Thumb Code     0  startup_stm32f767xx.o(.text)
    LPTIM1_IRQHandler                        0x0800038f   Thumb Code     0  startup_stm32f767xx.o(.text)
    LTDC_ER_IRQHandler                       0x0800038f   Thumb Code     0  startup_stm32f767xx.o(.text)
    LTDC_IRQHandler                          0x0800038f   Thumb Code     0  startup_stm32f767xx.o(.text)
    MDIOS_IRQHandler                         0x0800038f   Thumb Code     0  startup_stm32f767xx.o(.text)
    OTG_FS_IRQHandler                        0x0800038f   Thumb Code     0  startup_stm32f767xx.o(.text)
    OTG_FS_WKUP_IRQHandler                   0x0800038f   Thumb Code     0  startup_stm32f767xx.o(.text)
    OTG_HS_EP1_IN_IRQHandler                 0x0800038f   Thumb Code     0  startup_stm32f767xx.o(.text)
    OTG_HS_EP1_OUT_IRQHandler                0x0800038f   Thumb Code     0  startup_stm32f767xx.o(.text)
    OTG_HS_IRQHandler                        0x0800038f   Thumb Code     0  startup_stm32f767xx.o(.text)
    OTG_HS_WKUP_IRQHandler                   0x0800038f   Thumb Code     0  startup_stm32f767xx.o(.text)
    PVD_IRQHandler                           0x0800038f   Thumb Code     0  startup_stm32f767xx.o(.text)
    QUADSPI_IRQHandler                       0x0800038f   Thumb Code     0  startup_stm32f767xx.o(.text)
    RCC_IRQHandler                           0x0800038f   Thumb Code     0  startup_stm32f767xx.o(.text)
    RNG_IRQHandler                           0x0800038f   Thumb Code     0  startup_stm32f767xx.o(.text)
    RTC_Alarm_IRQHandler                     0x0800038f   Thumb Code     0  startup_stm32f767xx.o(.text)
    RTC_WKUP_IRQHandler                      0x0800038f   Thumb Code     0  startup_stm32f767xx.o(.text)
    SAI1_IRQHandler                          0x0800038f   Thumb Code     0  startup_stm32f767xx.o(.text)
    SAI2_IRQHandler                          0x0800038f   Thumb Code     0  startup_stm32f767xx.o(.text)
    SDMMC1_IRQHandler                        0x0800038f   Thumb Code     0  startup_stm32f767xx.o(.text)
    SDMMC2_IRQHandler                        0x0800038f   Thumb Code     0  startup_stm32f767xx.o(.text)
    SPDIF_RX_IRQHandler                      0x0800038f   Thumb Code     0  startup_stm32f767xx.o(.text)
    SPI1_IRQHandler                          0x0800038f   Thumb Code     0  startup_stm32f767xx.o(.text)
    SPI2_IRQHandler                          0x0800038f   Thumb Code     0  startup_stm32f767xx.o(.text)
    SPI3_IRQHandler                          0x0800038f   Thumb Code     0  startup_stm32f767xx.o(.text)
    SPI4_IRQHandler                          0x0800038f   Thumb Code     0  startup_stm32f767xx.o(.text)
    SPI5_IRQHandler                          0x0800038f   Thumb Code     0  startup_stm32f767xx.o(.text)
    SPI6_IRQHandler                          0x0800038f   Thumb Code     0  startup_stm32f767xx.o(.text)
    TAMP_STAMP_IRQHandler                    0x0800038f   Thumb Code     0  startup_stm32f767xx.o(.text)
    TIM1_BRK_TIM9_IRQHandler                 0x0800038f   Thumb Code     0  startup_stm32f767xx.o(.text)
    TIM1_CC_IRQHandler                       0x0800038f   Thumb Code     0  startup_stm32f767xx.o(.text)
    TIM1_TRG_COM_TIM11_IRQHandler            0x0800038f   Thumb Code     0  startup_stm32f767xx.o(.text)
    TIM1_UP_TIM10_IRQHandler                 0x0800038f   Thumb Code     0  startup_stm32f767xx.o(.text)
    TIM2_IRQHandler                          0x0800038f   Thumb Code     0  startup_stm32f767xx.o(.text)
    TIM3_IRQHandler                          0x0800038f   Thumb Code     0  startup_stm32f767xx.o(.text)
    TIM4_IRQHandler                          0x0800038f   Thumb Code     0  startup_stm32f767xx.o(.text)
    TIM5_IRQHandler                          0x0800038f   Thumb Code     0  startup_stm32f767xx.o(.text)
    TIM6_DAC_IRQHandler                      0x0800038f   Thumb Code     0  startup_stm32f767xx.o(.text)
    TIM7_IRQHandler                          0x0800038f   Thumb Code     0  startup_stm32f767xx.o(.text)
    TIM8_BRK_TIM12_IRQHandler                0x0800038f   Thumb Code     0  startup_stm32f767xx.o(.text)
    TIM8_CC_IRQHandler                       0x0800038f   Thumb Code     0  startup_stm32f767xx.o(.text)
    TIM8_TRG_COM_TIM14_IRQHandler            0x0800038f   Thumb Code     0  startup_stm32f767xx.o(.text)
    TIM8_UP_TIM13_IRQHandler                 0x0800038f   Thumb Code     0  startup_stm32f767xx.o(.text)
    UART4_IRQHandler                         0x0800038f   Thumb Code     0  startup_stm32f767xx.o(.text)
    UART5_IRQHandler                         0x0800038f   Thumb Code     0  startup_stm32f767xx.o(.text)
    UART7_IRQHandler                         0x0800038f   Thumb Code     0  startup_stm32f767xx.o(.text)
    UART8_IRQHandler                         0x0800038f   Thumb Code     0  startup_stm32f767xx.o(.text)
    USART2_IRQHandler                        0x0800038f   Thumb Code     0  startup_stm32f767xx.o(.text)
    USART3_IRQHandler                        0x0800038f   Thumb Code     0  startup_stm32f767xx.o(.text)
    USART6_IRQHandler                        0x0800038f   Thumb Code     0  startup_stm32f767xx.o(.text)
    WWDG_IRQHandler                          0x0800038f   Thumb Code     0  startup_stm32f767xx.o(.text)
    __user_initial_stackheap                 0x08000391   Thumb Code     0  startup_stm32f767xx.o(.text)
    __use_no_semihosting                     0x080003b5   Thumb Code     2  use_no_semi_2.o(.text)
    __2printf                                0x080003b9   Thumb Code    20  noretval__2printf.o(.text)
    _printf_str                              0x080003d1   Thumb Code    82  _printf_str.o(.text)
    _printf_int_dec                          0x08000425   Thumb Code   104  _printf_dec.o(.text)
    _printf_longlong_dec                     0x0800049d   Thumb Code   108  _printf_longlong_dec.o(.text)
    __printf                                 0x08000519   Thumb Code   184  __printf_ss.o(.text)
    __aeabi_memcpy                           0x080005d1   Thumb Code     0  rt_memcpy_v6.o(.text)
    __rt_memcpy                              0x080005d1   Thumb Code   138  rt_memcpy_v6.o(.text)
    _memcpy_lastbytes                        0x08000637   Thumb Code     0  rt_memcpy_v6.o(.text)
    __aeabi_memset                           0x0800065b   Thumb Code    16  aeabi_memset.o(.text)
    __use_two_region_memory                  0x0800066b   Thumb Code     2  heapauxi.o(.text)
    __rt_heap_escrow$2region                 0x0800066d   Thumb Code     2  heapauxi.o(.text)
    __rt_heap_expand$2region                 0x0800066f   Thumb Code     2  heapauxi.o(.text)
    __I$use$semihosting                      0x08000671   Thumb Code     0  use_no_semi.o(.text)
    __use_no_semihosting_swi                 0x08000671   Thumb Code     2  use_no_semi.o(.text)
    _ll_udiv10                               0x08000673   Thumb Code   138  lludiv10.o(.text)
    _printf_int_common                       0x080006fd   Thumb Code   178  _printf_intcommon.o(.text)
    _printf_char_common                      0x080007bb   Thumb Code    32  _printf_char_common.o(.text)
    _printf_cs_common                        0x080007e1   Thumb Code    20  _printf_char.o(.text)
    _printf_char                             0x080007f5   Thumb Code    16  _printf_char.o(.text)
    _printf_string                           0x08000805   Thumb Code     8  _printf_char.o(.text)
    _printf_char_file                        0x0800080d   Thumb Code    32  _printf_char_file.o(.text)
    __aeabi_memcpy4                          0x08000831   Thumb Code     0  rt_memcpy_w.o(.text)
    __aeabi_memcpy8                          0x08000831   Thumb Code     0  rt_memcpy_w.o(.text)
    __rt_memcpy_w                            0x08000831   Thumb Code   100  rt_memcpy_w.o(.text)
    _memcpy_lastbytes_aligned                0x08000879   Thumb Code     0  rt_memcpy_w.o(.text)
    __aeabi_memclr                           0x08000895   Thumb Code     0  rt_memclr.o(.text)
    __rt_memclr                              0x08000895   Thumb Code    68  rt_memclr.o(.text)
    _memset                                  0x08000899   Thumb Code     0  rt_memclr.o(.text)
    ferror                                   0x080008d9   Thumb Code     8  ferror.o(.text)
    __aeabi_memclr4                          0x080008e1   Thumb Code     0  rt_memclr_w.o(.text)
    __aeabi_memclr8                          0x080008e1   Thumb Code     0  rt_memclr_w.o(.text)
    __rt_memclr_w                            0x080008e1   Thumb Code    78  rt_memclr_w.o(.text)
    _memset_w                                0x080008e5   Thumb Code     0  rt_memclr_w.o(.text)
    __user_setup_stackheap                   0x0800092f   Thumb Code    74  sys_stackheap_outer.o(.text)
    exit                                     0x08000979   Thumb Code    18  exit.o(.text)
    __user_libspace                          0x0800098d   Thumb Code     8  libspace.o(.text)
    __user_perproc_libspace                  0x0800098d   Thumb Code     0  libspace.o(.text)
    __user_perthread_libspace                0x0800098d   Thumb Code     0  libspace.o(.text)
    BusFault_Handler                         0x08000995   Thumb Code     2  stm32f7xx_it.o(i.BusFault_Handler)
    Cache_Enable                             0x08000999   Thumb Code   116  sys.o(i.Cache_Enable)
    DebugMon_Handler                         0x08000a21   Thumb Code     2  stm32f7xx_it.o(i.DebugMon_Handler)
    GetSystemTimeUs                          0x08000a25   Thumb Code    54  delay.o(i.GetSystemTimeUs)
    HAL_DMA_Abort_IT                         0x08000a65   Thumb Code    36  stm32f7xx_hal_dma.o(i.HAL_DMA_Abort_IT)
    HAL_GPIO_Init                            0x08000a89   Thumb Code   564  stm32f7xx_hal_gpio.o(i.HAL_GPIO_Init)
    HAL_GPIO_TogglePin                       0x08000ccd   Thumb Code     8  stm32f7xx_hal_gpio.o(i.HAL_GPIO_TogglePin)
    HAL_GPIO_WritePin                        0x08000cd5   Thumb Code    10  stm32f7xx_hal_gpio.o(i.HAL_GPIO_WritePin)
    HAL_GetTick                              0x08000ce1   Thumb Code     6  stm32f7xx_hal.o(i.HAL_GetTick)
    HAL_IncTick                              0x08000ced   Thumb Code    10  stm32f7xx_hal.o(i.HAL_IncTick)
    HAL_Init                                 0x08000cfd   Thumb Code    32  stm32f7xx_hal.o(i.HAL_Init)
    HAL_InitTick                             0x08000d21   Thumb Code    34  stm32f7xx_hal.o(i.HAL_InitTick)
    HAL_MspInit                              0x08000d49   Thumb Code     2  stm32f7xx_hal.o(i.HAL_MspInit)
    HAL_NVIC_EnableIRQ                       0x08000d4b   Thumb Code    24  stm32f7xx_hal_cortex.o(i.HAL_NVIC_EnableIRQ)
    HAL_NVIC_SetPriority                     0x08000d65   Thumb Code    94  stm32f7xx_hal_cortex.o(i.HAL_NVIC_SetPriority)
    HAL_NVIC_SetPriorityGrouping             0x08000dc9   Thumb Code    30  stm32f7xx_hal_cortex.o(i.HAL_NVIC_SetPriorityGrouping)
    HAL_PWREx_EnableOverDrive                0x08000ded   Thumb Code   114  stm32f7xx_hal_pwr_ex.o(i.HAL_PWREx_EnableOverDrive)
    HAL_RCC_ClockConfig                      0x08000e69   Thumb Code   368  stm32f7xx_hal_rcc.o(i.HAL_RCC_ClockConfig)
    HAL_RCC_GetPCLK1Freq                     0x08000fed   Thumb Code    34  stm32f7xx_hal_rcc.o(i.HAL_RCC_GetPCLK1Freq)
    HAL_RCC_GetPCLK2Freq                     0x0800101d   Thumb Code    34  stm32f7xx_hal_rcc.o(i.HAL_RCC_GetPCLK2Freq)
    HAL_RCC_GetSysClockFreq                  0x0800104d   Thumb Code   136  stm32f7xx_hal_rcc.o(i.HAL_RCC_GetSysClockFreq)
    HAL_RCC_OscConfig                        0x080010e5   Thumb Code   942  stm32f7xx_hal_rcc_ex.o(i.HAL_RCC_OscConfig)
    HAL_SYSTICK_CLKSourceConfig              0x080014a9   Thumb Code    22  stm32f7xx_hal_cortex.o(i.HAL_SYSTICK_CLKSourceConfig)
    HAL_SYSTICK_Config                       0x080014c1   Thumb Code    38  stm32f7xx_hal_cortex.o(i.HAL_SYSTICK_Config)
    HAL_UART_ErrorCallback                   0x080014ed   Thumb Code     2  stm32f7xx_hal_uart.o(i.HAL_UART_ErrorCallback)
    HAL_UART_GetState                        0x080014ef   Thumb Code    12  stm32f7xx_hal_uart.o(i.HAL_UART_GetState)
    HAL_UART_IRQHandler                      0x080014fd   Thumb Code   454  stm32f7xx_hal_uart.o(i.HAL_UART_IRQHandler)
    HAL_UART_Init                            0x080016c9   Thumb Code   110  stm32f7xx_hal_uart.o(i.HAL_UART_Init)
    HAL_UART_MspInit                         0x08001739   Thumb Code   118  usart.o(i.HAL_UART_MspInit)
    HAL_UART_Receive_IT                      0x080017bd   Thumb Code   160  stm32f7xx_hal_uart.o(i.HAL_UART_Receive_IT)
    HAL_UART_RxCpltCallback                  0x0800185d   Thumb Code   116  usart.o(i.HAL_UART_RxCpltCallback)
    HAL_UART_TxCpltCallback                  0x080018d9   Thumb Code     2  stm32f7xx_hal_uart.o(i.HAL_UART_TxCpltCallback)
    HardFault_Handler                        0x080018db   Thumb Code     2  stm32f7xx_it.o(i.HardFault_Handler)
    LED_Init                                 0x080018dd   Thumb Code    68  led.o(i.LED_Init)
    MemManage_Handler                        0x08001929   Thumb Code     2  stm32f7xx_it.o(i.MemManage_Handler)
    NMI_Handler                              0x0800192b   Thumb Code     2  stm32f7xx_it.o(i.NMI_Handler)
    Stm32_Clock_Init                         0x0800192d   Thumb Code   152  sys.o(i.Stm32_Clock_Init)
    SysTick_Handler                          0x080019cd   Thumb Code    22  delay.o(i.SysTick_Handler)
    SystemInit                               0x080019e5   Thumb Code    64  system_stm32f7xx.o(i.SystemInit)
    UART_AdvFeatureConfig                    0x08001a3d   Thumb Code   218  stm32f7xx_hal_uart.o(i.UART_AdvFeatureConfig)
    UART_CheckIdleState                      0x08001b17   Thumb Code    96  stm32f7xx_hal_uart.o(i.UART_CheckIdleState)
    UART_SetConfig                           0x08001c0d   Thumb Code   664  stm32f7xx_hal_uart.o(i.UART_SetConfig)
    UART_WaitOnFlagUntilTimeout              0x08001eb5   Thumb Code   116  stm32f7xx_hal_uart.o(i.UART_WaitOnFlagUntilTimeout)
    USART1_IRQHandler                        0x08001f29   Thumb Code    80  usart.o(i.USART1_IRQHandler)
    UsageFault_Handler                       0x08001f85   Thumb Code     2  stm32f7xx_it.o(i.UsageFault_Handler)
    _sys_exit                                0x08001f87   Thumb Code     2  usart.o(i._sys_exit)
    delay_init                               0x08001f89   Thumb Code    50  delay.o(i.delay_init)
    eTaskGetState                            0x08001fc1   Thumb Code    90  tasks.o(i.eTaskGetState)
    float_task                               0x08002051   Thumb Code    32  main.o(i.float_task)
    fputc                                    0x08002081   Thumb Code    16  usart.o(i.fputc)
    led0_task                                0x08002095   Thumb Code    52  main.o(i.led0_task)
    led1_task                                0x080020e9   Thumb Code    38  main.o(i.led1_task)
    main                                     0x08002115   Thumb Code    78  main.o(i.main)
    pvPortMalloc                             0x080027ed   Thumb Code   282  heap_4.o(i.pvPortMalloc)
    pvTaskIncrementMutexHeldCount            0x0800294d   Thumb Code    18  tasks.o(i.pvTaskIncrementMutexHeldCount)
    pxPortInitialiseStack                    0x08002965   Thumb Code    38  port.o(i.pxPortInitialiseStack)
    start_task                               0x08002991   Thumb Code    88  main.o(i.start_task)
    uart_init                                0x08002a29   Thumb Code    44  usart.o(i.uart_init)
    uxListRemove                             0x08002a61   Thumb Code    36  list.o(i.uxListRemove)
    vListInitialise                          0x08002a85   Thumb Code    22  list.o(i.vListInitialise)
    vListInitialiseItem                      0x08002a9b   Thumb Code     6  list.o(i.vListInitialiseItem)
    vListInsert                              0x08002aa1   Thumb Code    58  list.o(i.vListInsert)
    vListInsertEnd                           0x08002adb   Thumb Code    24  list.o(i.vListInsertEnd)
    vPortEnterCritical                       0x08002af5   Thumb Code    56  port.o(i.vPortEnterCritical)
    vPortExitCritical                        0x08002b75   Thumb Code    38  port.o(i.vPortExitCritical)
    vPortFree                                0x08002be1   Thumb Code   100  heap_4.o(i.vPortFree)
    vPortValidateInterruptPriority           0x08002c81   Thumb Code    70  port.o(i.vPortValidateInterruptPriority)
    vQueueAddToRegistry                      0x08002d11   Thumb Code    34  queue.o(i.vQueueAddToRegistry)
    vQueueWaitForMessageRestricted           0x08002d39   Thumb Code    74  queue.o(i.vQueueWaitForMessageRestricted)
    vTaskDelay                               0x08002d85   Thumb Code    66  tasks.o(i.vTaskDelay)
    vTaskDelete                              0x08002df5   Thumb Code   190  tasks.o(i.vTaskDelete)
    vTaskMissedYield                         0x08002ee9   Thumb Code     8  tasks.o(i.vTaskMissedYield)
    vTaskPlaceOnEventList                    0x08002ef5   Thumb Code    46  tasks.o(i.vTaskPlaceOnEventList)
    vTaskPlaceOnEventListRestricted          0x08002f4d   Thumb Code    56  tasks.o(i.vTaskPlaceOnEventListRestricted)
    vTaskPriorityInherit                     0x08002fad   Thumb Code   132  tasks.o(i.vTaskPriorityInherit)
    vTaskSetTimeOutState                     0x08003039   Thumb Code    32  tasks.o(i.vTaskSetTimeOutState)
    vTaskStartScheduler                      0x08003061   Thumb Code   106  tasks.o(i.vTaskStartScheduler)
    vTaskSuspendAll                          0x08003105   Thumb Code    10  tasks.o(i.vTaskSuspendAll)
    vTaskSwitchContext                       0x08003115   Thumb Code    84  tasks.o(i.vTaskSwitchContext)
    xPortStartScheduler                      0x08003175   Thumb Code   182  port.o(i.xPortStartScheduler)
    xPortSysTickHandler                      0x08003281   Thumb Code    42  port.o(i.xPortSysTickHandler)
    xQueueGenericCreate                      0x080032b1   Thumb Code    88  queue.o(i.xQueueGenericCreate)
    xQueueGenericReceive                     0x0800330d   Thumb Code   412  queue.o(i.xQueueGenericReceive)
    xQueueGenericReset                       0x080034d1   Thumb Code   126  queue.o(i.xQueueGenericReset)
    xQueueGenericSend                        0x08003579   Thumb Code   360  queue.o(i.xQueueGenericSend)
    xQueueGenericSendFromISR                 0x08003709   Thumb Code   198  queue.o(i.xQueueGenericSendFromISR)
    xTaskCheckForTimeOut                     0x080037f5   Thumb Code   118  tasks.o(i.xTaskCheckForTimeOut)
    xTaskCreate                              0x08003899   Thumb Code   358  tasks.o(i.xTaskCreate)
    xTaskGetSchedulerState                   0x08003a21   Thumb Code    24  tasks.o(i.xTaskGetSchedulerState)
    xTaskGetTickCount                        0x08003a3d   Thumb Code     6  tasks.o(i.xTaskGetTickCount)
    xTaskIncrementTick                       0x08003a49   Thumb Code   222  tasks.o(i.xTaskIncrementTick)
    xTaskPriorityDisinherit                  0x08003b55   Thumb Code   138  tasks.o(i.xTaskPriorityDisinherit)
    xTaskRemoveFromEventList                 0x08003c0d   Thumb Code   100  tasks.o(i.xTaskRemoveFromEventList)
    xTaskResumeAll                           0x08003ca1   Thumb Code   210  tasks.o(i.xTaskResumeAll)
    xTimerCreateTimerTask                    0x08003da9   Thumb Code   110  timers.o(i.xTimerCreateTimerTask)
    xTimerGenericCommand                     0x08003e65   Thumb Code   110  timers.o(i.xTimerGenericCommand)
    _fp_init                                 0x08003f01   Thumb Code    10  fpinit.o(x$fpl$fpinit)
    __fplib_config_fpu_vfp                   0x08003f09   Thumb Code     0  fpinit.o(x$fpl$fpinit)
    __fplib_config_pureend_doubles           0x08003f09   Thumb Code     0  fpinit.o(x$fpl$fpinit)
    AHBPrescTable                            0x08003f0a   Data          16  system_stm32f7xx.o(.constdata)
    APBPrescTable                            0x08003f1a   Data           8  system_stm32f7xx.o(.constdata)
    Region$$Table$$Base                      0x08003f24   Number         0  anon$$obj.o(Region$$Table)
    Region$$Table$$Limit                     0x08003f44   Number         0  anon$$obj.o(Region$$Table)
    StartTask_Handler                        0x20020000   Data           4  main.o(.data)
    LED0Task_Handler                         0x20020004   Data           4  main.o(.data)
    LED1Task_Handler                         0x20020008   Data           4  main.o(.data)
    FLOATTask_Handler                        0x2002000c   Data           4  main.o(.data)
    SystemCoreClock                          0x20020018   Data           4  system_stm32f7xx.o(.data)
    aRxBuffer                                0x20020024   Data           1  usart.o(.data)
    USART_RX_STA                             0x20020026   Data           2  usart.o(.data)
    __stdout                                 0x20020028   Data           4  usart.o(.data)
    uwTick                                   0x2002002c   Data           4  stm32f7xx_hal.o(.data)
    pxCurrentTCB                             0x20020030   Data           4  tasks.o(.data)
    USART_RX_BUF                             0x200200a4   Data         200  usart.o(.bss)
    UART1_Handler                            0x2002016c   Data         112  usart.o(.bss)
    xQueueRegistry                           0x200201dc   Data          64  queue.o(.bss)
    __libspace_start                         0x20030528   Data          96  libspace.o(.bss)
    __temporary_stack_top$libspace           0x20030588   Data           0  libspace.o(.bss)



==============================================================================

Memory Map of the image

  Image Entry point : 0x080001f9

  Load Region LR_IROM1 (Base: 0x08000000, Size: 0x00003fe8, Max: 0x00100000, ABSOLUTE)

    Execution Region ER_IROM1 (Base: 0x08000000, Size: 0x00003f44, Max: 0x00100000, ABSOLUTE)

    Base Addr    Size         Type   Attr      Idx    E Section Name        Object

    0x08000000   0x000001f8   Data   RO          724    RESET               startup_stm32f767xx.o
    0x080001f8   0x00000008   Code   RO         3129  * !!!main             c_w.l(__main.o)
    0x08000200   0x00000034   Code   RO         3320    !!!scatter          c_w.l(__scatter.o)
    0x08000234   0x0000001a   Code   RO         3322    !!handler_copy      c_w.l(__scatter_copy.o)
    0x0800024e   0x00000002   PAD
    0x08000250   0x0000001c   Code   RO         3324    !!handler_zi        c_w.l(__scatter_zi.o)
    0x0800026c   0x00000000   Code   RO         3117    .ARM.Collect$$_printf_percent$$00000000  c_w.l(_printf_percent.o)
    0x0800026c   0x0000000a   Code   RO         3151    .ARM.Collect$$_printf_percent$$00000007  c_w.l(_printf_ll.o)
    0x08000276   0x00000006   Code   RO         3115    .ARM.Collect$$_printf_percent$$00000009  c_w.l(_printf_d.o)
    0x0800027c   0x00000006   Code   RO         3118    .ARM.Collect$$_printf_percent$$0000000E  c_w.l(_printf_lld.o)
    0x08000282   0x00000006   Code   RO         3114    .ARM.Collect$$_printf_percent$$00000014  c_w.l(_printf_s.o)
    0x08000288   0x00000004   Code   RO         3150    .ARM.Collect$$_printf_percent$$00000017  c_w.l(_printf_percent_end.o)
    0x0800028c   0x00000002   Code   RO         3194    .ARM.Collect$$libinit$$00000000  c_w.l(libinit.o)
    0x0800028e   0x00000004   Code   RO         3206    .ARM.Collect$$libinit$$00000001  c_w.l(libinit2.o)
    0x08000292   0x00000000   Code   RO         3209    .ARM.Collect$$libinit$$00000004  c_w.l(libinit2.o)
    0x08000292   0x00000000   Code   RO         3212    .ARM.Collect$$libinit$$0000000A  c_w.l(libinit2.o)
    0x08000292   0x00000000   Code   RO         3214    .ARM.Collect$$libinit$$0000000C  c_w.l(libinit2.o)
    0x08000292   0x00000000   Code   RO         3216    .ARM.Collect$$libinit$$0000000E  c_w.l(libinit2.o)
    0x08000292   0x00000000   Code   RO         3219    .ARM.Collect$$libinit$$00000011  c_w.l(libinit2.o)
    0x08000292   0x00000000   Code   RO         3221    .ARM.Collect$$libinit$$00000013  c_w.l(libinit2.o)
    0x08000292   0x00000000   Code   RO         3223    .ARM.Collect$$libinit$$00000015  c_w.l(libinit2.o)
    0x08000292   0x00000000   Code   RO         3225    .ARM.Collect$$libinit$$00000017  c_w.l(libinit2.o)
    0x08000292   0x00000000   Code   RO         3227    .ARM.Collect$$libinit$$00000019  c_w.l(libinit2.o)
    0x08000292   0x00000000   Code   RO         3229    .ARM.Collect$$libinit$$0000001B  c_w.l(libinit2.o)
    0x08000292   0x00000000   Code   RO         3231    .ARM.Collect$$libinit$$0000001D  c_w.l(libinit2.o)
    0x08000292   0x00000000   Code   RO         3233    .ARM.Collect$$libinit$$0000001F  c_w.l(libinit2.o)
    0x08000292   0x00000000   Code   RO         3235    .ARM.Collect$$libinit$$00000021  c_w.l(libinit2.o)
    0x08000292   0x00000000   Code   RO         3237    .ARM.Collect$$libinit$$00000023  c_w.l(libinit2.o)
    0x08000292   0x00000000   Code   RO         3239    .ARM.Collect$$libinit$$00000025  c_w.l(libinit2.o)
    0x08000292   0x00000000   Code   RO         3243    .ARM.Collect$$libinit$$0000002C  c_w.l(libinit2.o)
    0x08000292   0x00000000   Code   RO         3245    .ARM.Collect$$libinit$$0000002E  c_w.l(libinit2.o)
    0x08000292   0x00000000   Code   RO         3247    .ARM.Collect$$libinit$$00000030  c_w.l(libinit2.o)
    0x08000292   0x00000000   Code   RO         3249    .ARM.Collect$$libinit$$00000032  c_w.l(libinit2.o)
    0x08000292   0x00000002   Code   RO         3250    .ARM.Collect$$libinit$$00000033  c_w.l(libinit2.o)
    0x08000294   0x00000002   Code   RO         3276    .ARM.Collect$$libshutdown$$00000000  c_w.l(libshutdown.o)
    0x08000296   0x00000000   Code   RO         3303    .ARM.Collect$$libshutdown$$00000002  c_w.l(libshutdown2.o)
    0x08000296   0x00000000   Code   RO         3305    .ARM.Collect$$libshutdown$$00000004  c_w.l(libshutdown2.o)
    0x08000296   0x00000000   Code   RO         3308    .ARM.Collect$$libshutdown$$00000007  c_w.l(libshutdown2.o)
    0x08000296   0x00000000   Code   RO         3311    .ARM.Collect$$libshutdown$$0000000A  c_w.l(libshutdown2.o)
    0x08000296   0x00000000   Code   RO         3313    .ARM.Collect$$libshutdown$$0000000C  c_w.l(libshutdown2.o)
    0x08000296   0x00000000   Code   RO         3316    .ARM.Collect$$libshutdown$$0000000F  c_w.l(libshutdown2.o)
    0x08000296   0x00000002   Code   RO         3317    .ARM.Collect$$libshutdown$$00000010  c_w.l(libshutdown2.o)
    0x08000298   0x00000000   Code   RO         3133    .ARM.Collect$$rtentry$$00000000  c_w.l(__rtentry.o)
    0x08000298   0x00000000   Code   RO         3157    .ARM.Collect$$rtentry$$00000002  c_w.l(__rtentry2.o)
    0x08000298   0x00000006   Code   RO         3169    .ARM.Collect$$rtentry$$00000004  c_w.l(__rtentry4.o)
    0x0800029e   0x00000000   Code   RO         3159    .ARM.Collect$$rtentry$$00000009  c_w.l(__rtentry2.o)
    0x0800029e   0x00000004   Code   RO         3160    .ARM.Collect$$rtentry$$0000000A  c_w.l(__rtentry2.o)
    0x080002a2   0x00000000   Code   RO         3162    .ARM.Collect$$rtentry$$0000000C  c_w.l(__rtentry2.o)
    0x080002a2   0x00000008   Code   RO         3163    .ARM.Collect$$rtentry$$0000000D  c_w.l(__rtentry2.o)
    0x080002aa   0x00000002   Code   RO         3198    .ARM.Collect$$rtexit$$00000000  c_w.l(rtexit.o)
    0x080002ac   0x00000000   Code   RO         3252    .ARM.Collect$$rtexit$$00000002  c_w.l(rtexit2.o)
    0x080002ac   0x00000004   Code   RO         3253    .ARM.Collect$$rtexit$$00000003  c_w.l(rtexit2.o)
    0x080002b0   0x00000006   Code   RO         3254    .ARM.Collect$$rtexit$$00000004  c_w.l(rtexit2.o)
    0x080002b6   0x00000002   PAD
    0x080002b8   0x000000ba   Code   RO         2929    .emb_text           port.o
    0x08000372   0x00000002   PAD
    0x08000374   0x00000040   Code   RO          725    .text               startup_stm32f767xx.o
    0x080003b4   0x00000002   Code   RO         3073    .text               c_w.l(use_no_semi_2.o)
    0x080003b6   0x00000002   PAD
    0x080003b8   0x00000018   Code   RO         3081    .text               c_w.l(noretval__2printf.o)
    0x080003d0   0x00000052   Code   RO         3087    .text               c_w.l(_printf_str.o)
    0x08000422   0x00000002   PAD
    0x08000424   0x00000078   Code   RO         3089    .text               c_w.l(_printf_dec.o)
    0x0800049c   0x0000007c   Code   RO         3091    .text               c_w.l(_printf_longlong_dec.o)
    0x08000518   0x000000b8   Code   RO         3096    .text               c_w.l(__printf_ss.o)
    0x080005d0   0x0000008a   Code   RO         3123    .text               c_w.l(rt_memcpy_v6.o)
    0x0800065a   0x00000010   Code   RO         3125    .text               c_w.l(aeabi_memset.o)
    0x0800066a   0x00000006   Code   RO         3127    .text               c_w.l(heapauxi.o)
    0x08000670   0x00000002   Code   RO         3131    .text               c_w.l(use_no_semi.o)
    0x08000672   0x0000008a   Code   RO         3138    .text               c_w.l(lludiv10.o)
    0x080006fc   0x000000b2   Code   RO         3140    .text               c_w.l(_printf_intcommon.o)
    0x080007ae   0x00000002   PAD
    0x080007b0   0x00000030   Code   RO         3142    .text               c_w.l(_printf_char_common.o)
    0x080007e0   0x0000002c   Code   RO         3146    .text               c_w.l(_printf_char.o)
    0x0800080c   0x00000024   Code   RO         3148    .text               c_w.l(_printf_char_file.o)
    0x08000830   0x00000064   Code   RO         3152    .text               c_w.l(rt_memcpy_w.o)
    0x08000894   0x00000044   Code   RO         3154    .text               c_w.l(rt_memclr.o)
    0x080008d8   0x00000008   Code   RO         3175    .text               c_w.l(ferror.o)
    0x080008e0   0x0000004e   Code   RO         3179    .text               c_w.l(rt_memclr_w.o)
    0x0800092e   0x0000004a   Code   RO         3181    .text               c_w.l(sys_stackheap_outer.o)
    0x08000978   0x00000012   Code   RO         3183    .text               c_w.l(exit.o)
    0x0800098a   0x00000002   PAD
    0x0800098c   0x00000008   Code   RO         3195    .text               c_w.l(libspace.o)
    0x08000994   0x00000002   Code   RO          326    i.BusFault_Handler  stm32f7xx_it.o
    0x08000996   0x00000002   PAD
    0x08000998   0x00000088   Code   RO          607    i.Cache_Enable      sys.o
    0x08000a20   0x00000002   Code   RO          327    i.DebugMon_Handler  stm32f7xx_it.o
    0x08000a22   0x00000002   PAD
    0x08000a24   0x00000040   Code   RO          546    i.GetSystemTimeUs   delay.o
    0x08000a64   0x00000024   Code   RO         1929    i.HAL_DMA_Abort_IT  stm32f7xx_hal_dma.o
    0x08000a88   0x00000244   Code   RO         1024    i.HAL_GPIO_Init     stm32f7xx_hal_gpio.o
    0x08000ccc   0x00000008   Code   RO         1027    i.HAL_GPIO_TogglePin  stm32f7xx_hal_gpio.o
    0x08000cd4   0x0000000a   Code   RO         1028    i.HAL_GPIO_WritePin  stm32f7xx_hal_gpio.o
    0x08000cde   0x00000002   PAD
    0x08000ce0   0x0000000c   Code   RO          749    i.HAL_GetTick       stm32f7xx_hal.o
    0x08000cec   0x00000010   Code   RO          750    i.HAL_IncTick       stm32f7xx_hal.o
    0x08000cfc   0x00000024   Code   RO          751    i.HAL_Init          stm32f7xx_hal.o
    0x08000d20   0x00000028   Code   RO          752    i.HAL_InitTick      stm32f7xx_hal.o
    0x08000d48   0x00000002   Code   RO          754    i.HAL_MspInit       stm32f7xx_hal.o
    0x08000d4a   0x00000018   Code   RO          906    i.HAL_NVIC_EnableIRQ  stm32f7xx_hal_cortex.o
    0x08000d62   0x00000002   PAD
    0x08000d64   0x00000064   Code   RO          912    i.HAL_NVIC_SetPriority  stm32f7xx_hal_cortex.o
    0x08000dc8   0x00000024   Code   RO          913    i.HAL_NVIC_SetPriorityGrouping  stm32f7xx_hal_cortex.o
    0x08000dec   0x0000007c   Code   RO         1217    i.HAL_PWREx_EnableOverDrive  stm32f7xx_hal_pwr_ex.o
    0x08000e68   0x00000184   Code   RO         1304    i.HAL_RCC_ClockConfig  stm32f7xx_hal_rcc.o
    0x08000fec   0x00000030   Code   RO         1311    i.HAL_RCC_GetPCLK1Freq  stm32f7xx_hal_rcc.o
    0x0800101c   0x00000030   Code   RO         1312    i.HAL_RCC_GetPCLK2Freq  stm32f7xx_hal_rcc.o
    0x0800104c   0x00000098   Code   RO         1313    i.HAL_RCC_GetSysClockFreq  stm32f7xx_hal_rcc.o
    0x080010e4   0x000003c4   Code   RO         1407    i.HAL_RCC_OscConfig  stm32f7xx_hal_rcc_ex.o
    0x080014a8   0x00000016   Code   RO          915    i.HAL_SYSTICK_CLKSourceConfig  stm32f7xx_hal_cortex.o
    0x080014be   0x00000002   PAD
    0x080014c0   0x0000002c   Code   RO          917    i.HAL_SYSTICK_Config  stm32f7xx_hal_cortex.o
    0x080014ec   0x00000002   Code   RO         1461    i.HAL_UART_ErrorCallback  stm32f7xx_hal_uart.o
    0x080014ee   0x0000000c   Code   RO         1463    i.HAL_UART_GetState  stm32f7xx_hal_uart.o
    0x080014fa   0x00000002   PAD
    0x080014fc   0x000001cc   Code   RO         1464    i.HAL_UART_IRQHandler  stm32f7xx_hal_uart.o
    0x080016c8   0x0000006e   Code   RO         1465    i.HAL_UART_Init     stm32f7xx_hal_uart.o
    0x08001736   0x00000002   PAD
    0x08001738   0x00000084   Code   RO          656    i.HAL_UART_MspInit  usart.o
    0x080017bc   0x000000a0   Code   RO         1470    i.HAL_UART_Receive_IT  stm32f7xx_hal_uart.o
    0x0800185c   0x0000007c   Code   RO          657    i.HAL_UART_RxCpltCallback  usart.o
    0x080018d8   0x00000002   Code   RO         1476    i.HAL_UART_TxCpltCallback  stm32f7xx_hal_uart.o
    0x080018da   0x00000002   Code   RO          328    i.HardFault_Handler  stm32f7xx_it.o
    0x080018dc   0x0000004c   Code   RO         2055    i.LED_Init          led.o
    0x08001928   0x00000002   Code   RO          329    i.MemManage_Handler  stm32f7xx_it.o
    0x0800192a   0x00000002   Code   RO          330    i.NMI_Handler       stm32f7xx_it.o
    0x0800192c   0x000000a0   Code   RO          610    i.Stm32_Clock_Init  sys.o
    0x080019cc   0x00000016   Code   RO          547    i.SysTick_Handler   delay.o
    0x080019e2   0x00000002   PAD
    0x080019e4   0x00000058   Code   RO          387    i.SystemInit        system_stm32f7xx.o
    0x08001a3c   0x000000da   Code   RO         1478    i.UART_AdvFeatureConfig  stm32f7xx_hal_uart.o
    0x08001b16   0x00000060   Code   RO         1479    i.UART_CheckIdleState  stm32f7xx_hal_uart.o
    0x08001b76   0x00000014   Code   RO         1480    i.UART_DMAAbortOnError  stm32f7xx_hal_uart.o
    0x08001b8a   0x00000082   Code   RO         1486    i.UART_Receive_IT   stm32f7xx_hal_uart.o
    0x08001c0c   0x000002a8   Code   RO         1487    i.UART_SetConfig    stm32f7xx_hal_uart.o
    0x08001eb4   0x00000074   Code   RO         1488    i.UART_WaitOnFlagUntilTimeout  stm32f7xx_hal_uart.o
    0x08001f28   0x0000005c   Code   RO          658    i.USART1_IRQHandler  usart.o
    0x08001f84   0x00000002   Code   RO          331    i.UsageFault_Handler  stm32f7xx_it.o
    0x08001f86   0x00000002   Code   RO          659    i._sys_exit         usart.o
    0x08001f88   0x00000038   Code   RO          548    i.delay_init        delay.o
    0x08001fc0   0x0000008c   Code   RO         2498    i.eTaskGetState     tasks.o
    0x0800204c   0x00000004   PAD
    0x08002050   0x00000030   Code   RO            4    i.float_task        main.o
    0x08002080   0x00000014   Code   RO          660    i.fputc             usart.o
    0x08002094   0x00000054   Code   RO            5    i.led0_task         main.o
    0x080020e8   0x0000002c   Code   RO            6    i.led1_task         main.o
    0x08002114   0x00000064   Code   RO            7    i.main              main.o
    0x08002178   0x00000074   Code   RO         2500    i.prvAddCurrentTaskToDelayedList  tasks.o
    0x080021ec   0x0000006e   Code   RO         2280    i.prvCopyDataToQueue  queue.o
    0x0800225a   0x00000002   PAD
    0x0800225c   0x0000007c   Code   RO         2501    i.prvIdleTask       tasks.o
    0x080022d8   0x00000064   Code   RO         3018    i.prvInsertBlockIntoFreeList  heap_4.o
    0x0800233c   0x00000040   Code   RO         2822    i.prvInsertTimerInActiveList  timers.o
    0x0800237c   0x00000094   Code   RO         2281    i.prvNotifyQueueSetContainer  queue.o
    0x08002410   0x0000009c   Code   RO         2823    i.prvSampleTimeNow  timers.o
    0x080024ac   0x00000070   Code   RO         2930    i.prvTaskExitError  port.o
    0x0800251c   0x00000254   Code   RO         2824    i.prvTimerTask      timers.o
    0x08002770   0x0000007a   Code   RO         2282    i.prvUnlockQueue    queue.o
    0x080027ea   0x00000002   PAD
    0x080027ec   0x00000160   Code   RO         3019    i.pvPortMalloc      heap_4.o
    0x0800294c   0x00000018   Code   RO         2503    i.pvTaskIncrementMutexHeldCount  tasks.o
    0x08002964   0x0000002c   Code   RO         2931    i.pxPortInitialiseStack  port.o
    0x08002990   0x00000098   Code   RO            8    i.start_task        main.o
    0x08002a28   0x00000038   Code   RO          661    i.uart_init         usart.o
    0x08002a60   0x00000024   Code   RO         2231    i.uxListRemove      list.o
    0x08002a84   0x00000016   Code   RO         2232    i.vListInitialise   list.o
    0x08002a9a   0x00000006   Code   RO         2233    i.vListInitialiseItem  list.o
    0x08002aa0   0x0000003a   Code   RO         2234    i.vListInsert       list.o
    0x08002ada   0x00000018   Code   RO         2235    i.vListInsertEnd    list.o
    0x08002af2   0x00000002   PAD
    0x08002af4   0x00000080   Code   RO         2933    i.vPortEnterCritical  port.o
    0x08002b74   0x0000006c   Code   RO         2934    i.vPortExitCritical  port.o
    0x08002be0   0x000000a0   Code   RO         3020    i.vPortFree         heap_4.o
    0x08002c80   0x00000090   Code   RO         2936    i.vPortValidateInterruptPriority  port.o
    0x08002d10   0x00000028   Code   RO         2288    i.vQueueAddToRegistry  queue.o
    0x08002d38   0x0000004a   Code   RO         2292    i.vQueueWaitForMessageRestricted  queue.o
    0x08002d82   0x00000002   PAD
    0x08002d84   0x00000070   Code   RO         2511    i.vTaskDelay        tasks.o
    0x08002df4   0x000000f4   Code   RO         2513    i.vTaskDelete       tasks.o
    0x08002ee8   0x0000000c   Code   RO         2517    i.vTaskMissedYield  tasks.o
    0x08002ef4   0x00000058   Code   RO         2519    i.vTaskPlaceOnEventList  tasks.o
    0x08002f4c   0x00000060   Code   RO         2520    i.vTaskPlaceOnEventListRestricted  tasks.o
    0x08002fac   0x0000008c   Code   RO         2522    i.vTaskPriorityInherit  tasks.o
    0x08003038   0x00000028   Code   RO         2526    i.vTaskSetTimeOutState  tasks.o
    0x08003060   0x000000a4   Code   RO         2527    i.vTaskStartScheduler  tasks.o
    0x08003104   0x00000010   Code   RO         2529    i.vTaskSuspendAll   tasks.o
    0x08003114   0x00000060   Code   RO         2530    i.vTaskSwitchContext  tasks.o
    0x08003174   0x0000010c   Code   RO         2937    i.xPortStartScheduler  port.o
    0x08003280   0x00000030   Code   RO         2938    i.xPortSysTickHandler  port.o
    0x080032b0   0x0000005c   Code   RO         2297    i.xQueueGenericCreate  queue.o
    0x0800330c   0x000001c4   Code   RO         2298    i.xQueueGenericReceive  queue.o
    0x080034d0   0x000000a8   Code   RO         2299    i.xQueueGenericReset  queue.o
    0x08003578   0x00000190   Code   RO         2300    i.xQueueGenericSend  queue.o
    0x08003708   0x000000ec   Code   RO         2301    i.xQueueGenericSendFromISR  queue.o
    0x080037f4   0x000000a4   Code   RO         2531    i.xTaskCheckForTimeOut  tasks.o
    0x08003898   0x00000188   Code   RO         2532    i.xTaskCreate       tasks.o
    0x08003a20   0x0000001c   Code   RO         2536    i.xTaskGetSchedulerState  tasks.o
    0x08003a3c   0x0000000c   Code   RO         2537    i.xTaskGetTickCount  tasks.o
    0x08003a48   0x0000010c   Code   RO         2539    i.xTaskIncrementTick  tasks.o
    0x08003b54   0x000000b8   Code   RO         2542    i.xTaskPriorityDisinherit  tasks.o
    0x08003c0c   0x00000094   Code   RO         2543    i.xTaskRemoveFromEventList  tasks.o
    0x08003ca0   0x00000108   Code   RO         2545    i.xTaskResumeAll    tasks.o
    0x08003da8   0x000000bc   Code   RO         2828    i.xTimerCreateTimerTask  timers.o
    0x08003e64   0x0000009c   Code   RO         2829    i.xTimerGenericCommand  timers.o
    0x08003f00   0x0000000a   Code   RO         3264    x$fpl$fpinit        fz_wv.l(fpinit.o)
    0x08003f0a   0x00000010   Data   RO          388    .constdata          system_stm32f7xx.o
    0x08003f1a   0x00000008   Data   RO          389    .constdata          system_stm32f7xx.o
    0x08003f22   0x00000002   PAD
    0x08003f24   0x00000020   Data   RO         3318    Region$$Table       anon$$obj.o


    Execution Region RW_IRAM1 (Base: 0x20020000, Size: 0x00012588, Max: 0x00060000, ABSOLUTE)

    Base Addr    Size         Type   Attr      Idx    E Section Name        Object

    0x20020000   0x00000018   Data   RW            9    .data               main.o
    0x20020018   0x00000004   Data   RW          390    .data               system_stm32f7xx.o
    0x2002001c   0x00000008   Data   RW          552    .data               delay.o
    0x20020024   0x00000004   Data   RW          663    .data               usart.o
    0x20020028   0x00000004   Data   RW          664    .data               usart.o
    0x2002002c   0x00000004   Data   RW          757    .data               stm32f7xx_hal.o
    0x20020030   0x0000003c   Data   RW         2548    .data               tasks.o
    0x2002006c   0x00000014   Data   RW         2837    .data               timers.o
    0x20020080   0x0000000c   Data   RW         2939    .data               port.o
    0x2002008c   0x00000018   Data   RW         3025    .data               heap_4.o
    0x200200a4   0x00000138   Zero   RW          662    .bss                usart.o
    0x200201dc   0x00000040   Zero   RW         2312    .bss                queue.o
    0x2002021c   0x000002e4   Zero   RW         2547    .bss                tasks.o
    0x20020500   0x00000028   Zero   RW         2836    .bss                timers.o
    0x20020528   0x00010000   Zero   RW         3024    .bss                heap_4.o
    0x20030528   0x00000060   Zero   RW         3196    .bss                c_w.l(libspace.o)
    0x20030588   0x00001000   Zero   RW          723    HEAP                startup_stm32f767xx.o
    0x20031588   0x00001000   Zero   RW          722    STACK               startup_stm32f767xx.o


==============================================================================

Image component sizes


      Code (inc. data)   RO Data    RW Data    ZI Data      Debug   Object Name

       142         16          0          8          0       2458   delay.o
         0          0          0          0          0      11656   event_groups.o
       612        140          0         24      65536       3663   heap_4.o
        76          8          0          0          0        819   led.o
       146          0          0          0          0       3082   list.o
       428        140          0         24          0     402781   main.o
      1038        400          0         12          0      10137   port.o
      1842        208          0          0         64      15058   queue.o
        64         26        504          0       8192        812   startup_stm32f767xx.o
       106         22          0          4          0       3569   stm32f7xx_hal.o
       226         18          0          0          0      35345   stm32f7xx_hal_cortex.o
        36          0          0          0          0       1507   stm32f7xx_hal_dma.o
       598         16          0          0          0       3189   stm32f7xx_hal_gpio.o
       124         10          0          0          0       1252   stm32f7xx_hal_pwr_ex.o
       636         64          0          0          0       3726   stm32f7xx_hal_rcc.o
       964         22          0          0          0       2044   stm32f7xx_hal_rcc_ex.o
      2006         42          0          0          0      10368   stm32f7xx_hal_uart.o
        12          0          0          0          0       2549   stm32f7xx_it.o
       296         28          0          0          0      33417   sys.o
        88         24         24          4          0       1027   system_stm32f7xx.o
      2872        640          0         60        740      28663   tasks.o
      1160        196          0         20         40       7483   timers.o
       426         50          0          8        312       5605   usart.o

    ----------------------------------------------------------------------
     13928       2074        562        164      74884     590210   Object Totals
         0          0         32          0          0          0   (incl. Generated)
        30          4          2          0          0          0   (incl. Padding)

    ----------------------------------------------------------------------

      Code (inc. data)   RO Data    RW Data    ZI Data      Debug   Library Member Name

         8          0          0          0          0         68   __main.o
       184          0          0          0          0         84   __printf_ss.o
         0          0          0          0          0          0   __rtentry.o
        12          0          0          0          0          0   __rtentry2.o
         6          0          0          0          0          0   __rtentry4.o
        52          8          0          0          0          0   __scatter.o
        26          0          0          0          0          0   __scatter_copy.o
        28          0          0          0          0          0   __scatter_zi.o
        44          0          0          0          0        108   _printf_char.o
        48          6          0          0          0         96   _printf_char_common.o
        36          4          0          0          0         80   _printf_char_file.o
         6          0          0          0          0          0   _printf_d.o
       120         16          0          0          0         92   _printf_dec.o
       178          0          0          0          0         88   _printf_intcommon.o
        10          0          0          0          0          0   _printf_ll.o
         6          0          0          0          0          0   _printf_lld.o
       124         16          0          0          0         92   _printf_longlong_dec.o
         0          0          0          0          0          0   _printf_percent.o
         4          0          0          0          0          0   _printf_percent_end.o
         6          0          0          0          0          0   _printf_s.o
        82          0          0          0          0         80   _printf_str.o
        16          0          0          0          0         68   aeabi_memset.o
        18          0          0          0          0         80   exit.o
         8          0          0          0          0         68   ferror.o
         6          0          0          0          0        152   heapauxi.o
         2          0          0          0          0          0   libinit.o
         6          0          0          0          0          0   libinit2.o
         2          0          0          0          0          0   libshutdown.o
         2          0          0          0          0          0   libshutdown2.o
         8          4          0          0         96         68   libspace.o
       138          0          0          0          0         80   lludiv10.o
        24          4          0          0          0         84   noretval__2printf.o
        68          0          0          0          0         68   rt_memclr.o
        78          0          0          0          0         80   rt_memclr_w.o
       138          0          0          0          0         68   rt_memcpy_v6.o
       100          0          0          0          0         80   rt_memcpy_w.o
         2          0          0          0          0          0   rtexit.o
        10          0          0          0          0          0   rtexit2.o
        74          0          0          0          0         80   sys_stackheap_outer.o
         2          0          0          0          0         68   use_no_semi.o
         2          0          0          0          0         68   use_no_semi_2.o
        10          0          0          0          0        116   fpinit.o

    ----------------------------------------------------------------------
      1706         58          0          0         96       2016   Library Totals
        12          0          0          0          0          0   (incl. Padding)

    ----------------------------------------------------------------------

      Code (inc. data)   RO Data    RW Data    ZI Data      Debug   Library Name

      1684         58          0          0         96       1900   c_w.l
        10          0          0          0          0        116   fz_wv.l

    ----------------------------------------------------------------------
      1706         58          0          0         96       2016   Library Totals

    ----------------------------------------------------------------------

==============================================================================


      Code (inc. data)   RO Data    RW Data    ZI Data      Debug   

     15634       2132        562        164      74980     581038   Grand Totals
     15634       2132        562        164      74980     581038   ELF Image Totals
     15634       2132        562        164          0          0   ROM Totals

==============================================================================

    Total RO  Size (Code + RO Data)                16196 (  15.82kB)
    Total RW  Size (RW Data + ZI Data)             75144 (  73.38kB)
    Total ROM Size (Code + RO Data + RW Data)      16360 (  15.98kB)

==============================================================================

